Archive member included to satisfy reference by file (symbol)

C:/Users/valer/AppData/Roaming/Code/User/globalStorage/bmd.stm32-for-vscode/@xpack-dev-tools/arm-none-eabi-gcc/13.3.1-1.1.1/.content/bin/../lib/gcc/arm-none-eabi/13.3.1/../../../../arm-none-eabi/lib/thumb/v7e-m+fp/hard\libc_nano.a(libc_a-atexit.o)
                              C:/Users/valer/AppData/Roaming/Code/User/globalStorage/bmd.stm32-for-vscode/@xpack-dev-tools/arm-none-eabi-gcc/13.3.1-1.1.1/.content/bin/../lib/gcc/arm-none-eabi/13.3.1/../../../../arm-none-eabi/lib/thumb/v7e-m+fp/hard/crt0.o (atexit)
C:/Users/valer/AppData/Roaming/Code/User/globalStorage/bmd.stm32-for-vscode/@xpack-dev-tools/arm-none-eabi-gcc/13.3.1-1.1.1/.content/bin/../lib/gcc/arm-none-eabi/13.3.1/../../../../arm-none-eabi/lib/thumb/v7e-m+fp/hard\libc_nano.a(libc_a-exit.o)
                              C:/Users/valer/AppData/Roaming/Code/User/globalStorage/bmd.stm32-for-vscode/@xpack-dev-tools/arm-none-eabi-gcc/13.3.1-1.1.1/.content/bin/../lib/gcc/arm-none-eabi/13.3.1/../../../../arm-none-eabi/lib/thumb/v7e-m+fp/hard/crt0.o (exit)
C:/Users/valer/AppData/Roaming/Code/User/globalStorage/bmd.stm32-for-vscode/@xpack-dev-tools/arm-none-eabi-gcc/13.3.1-1.1.1/.content/bin/../lib/gcc/arm-none-eabi/13.3.1/../../../../arm-none-eabi/lib/thumb/v7e-m+fp/hard\libc_nano.a(libc_a-findfp.o)
                              C:/Users/valer/AppData/Roaming/Code/User/globalStorage/bmd.stm32-for-vscode/@xpack-dev-tools/arm-none-eabi-gcc/13.3.1-1.1.1/.content/bin/../lib/gcc/arm-none-eabi/13.3.1/../../../../arm-none-eabi/lib/thumb/v7e-m+fp/hard\libc_nano.a(libc_a-exit.o) (__stdio_exit_handler)
C:/Users/valer/AppData/Roaming/Code/User/globalStorage/bmd.stm32-for-vscode/@xpack-dev-tools/arm-none-eabi-gcc/13.3.1-1.1.1/.content/bin/../lib/gcc/arm-none-eabi/13.3.1/../../../../arm-none-eabi/lib/thumb/v7e-m+fp/hard\libc_nano.a(libc_a-fwalk.o)
                              C:/Users/valer/AppData/Roaming/Code/User/globalStorage/bmd.stm32-for-vscode/@xpack-dev-tools/arm-none-eabi-gcc/13.3.1-1.1.1/.content/bin/../lib/gcc/arm-none-eabi/13.3.1/../../../../arm-none-eabi/lib/thumb/v7e-m+fp/hard\libc_nano.a(libc_a-findfp.o) (_fwalk_sglue)
C:/Users/valer/AppData/Roaming/Code/User/globalStorage/bmd.stm32-for-vscode/@xpack-dev-tools/arm-none-eabi-gcc/13.3.1-1.1.1/.content/bin/../lib/gcc/arm-none-eabi/13.3.1/../../../../arm-none-eabi/lib/thumb/v7e-m+fp/hard\libc_nano.a(libc_a-sprintf.o)
                              build/debug/Core/Src/fsm_controller.o (sprintf)
C:/Users/valer/AppData/Roaming/Code/User/globalStorage/bmd.stm32-for-vscode/@xpack-dev-tools/arm-none-eabi-gcc/13.3.1-1.1.1/.content/bin/../lib/gcc/arm-none-eabi/13.3.1/../../../../arm-none-eabi/lib/thumb/v7e-m+fp/hard\libc_nano.a(libc_a-stdio.o)
                              C:/Users/valer/AppData/Roaming/Code/User/globalStorage/bmd.stm32-for-vscode/@xpack-dev-tools/arm-none-eabi-gcc/13.3.1-1.1.1/.content/bin/../lib/gcc/arm-none-eabi/13.3.1/../../../../arm-none-eabi/lib/thumb/v7e-m+fp/hard\libc_nano.a(libc_a-findfp.o) (__sread)
C:/Users/valer/AppData/Roaming/Code/User/globalStorage/bmd.stm32-for-vscode/@xpack-dev-tools/arm-none-eabi-gcc/13.3.1-1.1.1/.content/bin/../lib/gcc/arm-none-eabi/13.3.1/../../../../arm-none-eabi/lib/thumb/v7e-m+fp/hard\libc_nano.a(libc_a-memset.o)
                              C:/Users/valer/AppData/Roaming/Code/User/globalStorage/bmd.stm32-for-vscode/@xpack-dev-tools/arm-none-eabi-gcc/13.3.1-1.1.1/.content/bin/../lib/gcc/arm-none-eabi/13.3.1/../../../../arm-none-eabi/lib/thumb/v7e-m+fp/hard/crt0.o (memset)
C:/Users/valer/AppData/Roaming/Code/User/globalStorage/bmd.stm32-for-vscode/@xpack-dev-tools/arm-none-eabi-gcc/13.3.1-1.1.1/.content/bin/../lib/gcc/arm-none-eabi/13.3.1/../../../../arm-none-eabi/lib/thumb/v7e-m+fp/hard\libc_nano.a(libc_a-closer.o)
                              C:/Users/valer/AppData/Roaming/Code/User/globalStorage/bmd.stm32-for-vscode/@xpack-dev-tools/arm-none-eabi-gcc/13.3.1-1.1.1/.content/bin/../lib/gcc/arm-none-eabi/13.3.1/../../../../arm-none-eabi/lib/thumb/v7e-m+fp/hard\libc_nano.a(libc_a-stdio.o) (_close_r)
C:/Users/valer/AppData/Roaming/Code/User/globalStorage/bmd.stm32-for-vscode/@xpack-dev-tools/arm-none-eabi-gcc/13.3.1-1.1.1/.content/bin/../lib/gcc/arm-none-eabi/13.3.1/../../../../arm-none-eabi/lib/thumb/v7e-m+fp/hard\libc_nano.a(libc_a-reent.o)
                              C:/Users/valer/AppData/Roaming/Code/User/globalStorage/bmd.stm32-for-vscode/@xpack-dev-tools/arm-none-eabi-gcc/13.3.1-1.1.1/.content/bin/../lib/gcc/arm-none-eabi/13.3.1/../../../../arm-none-eabi/lib/thumb/v7e-m+fp/hard\libc_nano.a(libc_a-closer.o) (errno)
C:/Users/valer/AppData/Roaming/Code/User/globalStorage/bmd.stm32-for-vscode/@xpack-dev-tools/arm-none-eabi-gcc/13.3.1-1.1.1/.content/bin/../lib/gcc/arm-none-eabi/13.3.1/../../../../arm-none-eabi/lib/thumb/v7e-m+fp/hard\libc_nano.a(libc_a-impure.o)
[...]
Memory Configuration

Name             Origin             Length             Attributes
RAM              0x20000000         0x00020000         xrw
FLASH            0x08000000         0x00080000         xr
*default*        0x00000000         0xffffffff

Linker script and memory map

LOAD C:/Users/valer/AppData/Roaming/Code/User/globalStorage/bmd.stm32-for-vscode/@xpack-dev-tools/arm-none-eabi-gcc/13.3.1-1.1.1/.content/bin/../lib/gcc/arm-none-eabi/13.3.1/thumb/v7e-m+fp/hard/crti.o
LOAD C:/Users/valer/AppData/Roaming/Code/User/globalStorage/bmd.stm32-for-vscode/@xpack-dev-tools/arm-none-eabi-gcc/13.3.1-1.1.1/.content/bin/../lib/gcc/arm-none-eabi/13.3.1/thumb/v7e-m+fp/hard/crtbegin.o
LOAD C:/Users/valer/AppData/Roaming/Code/User/globalStorage/bmd.stm32-for-vscode/@xpack-dev-tools/arm-none-eabi-gcc/13.3.1-1.1.1/.content/bin/../lib/gcc/arm-none-eabi/13.3.1/../../../../arm-none-eabi/lib/thumb/v7e-m+fp/hard/crt0.o
LOAD build/debug/Core/Src/analog_filter.o
LOAD build/debug/Core/Src/fsm_controller.o
LOAD build/debug/Core/Src/main.o
LOAD build/debug/Core/Src/stm32f4xx_hal_msp.o
LOAD build/debug/Core/Src/stm32f4xx_it.o
LOAD build/debug/Core/Src/syscalls.o
LOAD build/debug/Core/Src/sysmem.o
LOAD build/debug/Core/Src/system_stm32f4xx.o
LOAD build/debug/Drivers/STM32F4xx_HAL_Driver/Src/stm32f4xx_hal.o
LOAD build/debug/Drivers/STM32F4xx_HAL_Driver/Src/stm32f4xx_hal_adc.o
LOAD build/debug/Drivers/STM32F4xx_HAL_Driver/Src/stm32f4xx_hal_adc_ex.o
LOAD build/debug/Drivers/STM32F4xx_HAL_Driver/Src/stm32f4xx_hal_cortex.o
LOAD build/debug/Drivers/STM32F4xx_HAL_Driver/Src/stm32f4xx_hal_dma.o
LOAD build/debug/Drivers/STM32F4xx_HAL_Driver/Src/stm32f4xx_hal_dma_ex.o
LOAD build/debug/Drivers/STM32F4xx_HAL_Driver/Src/stm32f4xx_hal_exti.o
LOAD build/debug/Drivers/STM32F4xx_HAL_Driver/Src/stm32f4xx_hal_flash.o
LOAD build/debug/Drivers/STM32F4xx_HAL_Driver/Src/stm32f4xx_hal_flash_ex.o
LOAD build/debug/Drivers/STM32F4xx_HAL_Driver/Src/stm32f4xx_hal_flash_ramfunc.o
LOAD build/debug/Drivers/STM32F4xx_HAL_Driver/Src/stm32f4xx_hal_gpio.o
LOAD build/debug/Drivers/STM32F4xx_HAL_Driver/Src/stm32f4xx_hal_pwr.o
LOAD build/debug/Drivers/STM32F4xx_HAL_Driver/Src/stm32f4xx_hal_pwr_ex.o
LOAD build/debug/Drivers/STM32F4xx_HAL_Driver/Src/stm32f4xx_hal_rcc.o
LOAD build/debug/Drivers/STM32F4xx_HAL_Driver/Src/stm32f4xx_hal_rcc_ex.o
LOAD build/debug/Drivers/STM32F4xx_HAL_Driver/Src/stm32f4xx_hal_tim.o
LOAD build/debug/Drivers/STM32F4xx_HAL_Driver/Src/stm32f4xx_hal_tim_ex.o
LOAD build/debug/Drivers/STM32F4xx_HAL_Driver/Src/stm32f4xx_hal_uart.o
LOAD build/debug/Drivers/STM32F4xx_HAL_Driver/Src/stm32f4xx_ll_adc.o
LOAD build/debug/startup_stm32f446xx.o
LOAD C:/Users/valer/AppData/Roaming/Code/User/globalStorage/bmd.stm32-for-vscode/@xpack-dev-tools/arm-none-eabi-gcc/13.3.1-1.1.1/.content/bin/../lib/gcc/arm-none-eabi/13.3.1/../../../../arm-none-eabi/lib/thumb/v7e-m+fp/hard\libc_nano.a
LOAD C:/Users/valer/AppData/Roaming/Code/User/globalStorage/bmd.stm32-for-vscode/@xpack-dev-tools/arm-none-eabi-gcc/13.3.1-1.1.1/.content/bin/../lib/gcc/arm-none-eabi/13.3.1/../../../../arm-none-eabi/lib/thumb/v7e-m+fp/hard\libm.a
LOAD C:/Users/valer/AppData/Roaming/Code/User/globalStorage/bmd.stm32-for-vscode/@xpack-dev-tools/arm-none-eabi-gcc/13.3.1-1.1.1/.content/bin/../lib/gcc/arm-none-eabi/13.3.1/../../../../arm-none-eabi/lib/thumb/v7e-m+fp/hard\libnosys.a
START GROUP
LOAD C:/Users/valer/AppData/Roaming/Code/User/globalStorage/bmd.stm32-for-vscode/@xpack-dev-tools/arm-none-eabi-gcc/13.3.1-1.1.1/.content/bin/../lib/gcc/arm-none-eabi/13.3.1/thumb/v7e-m+fp/hard\libgcc.a
LOAD C:/Users/valer/AppData/Roaming/Code/User/globalStorage/bmd.stm32-for-vscode/@xpack-dev-tools/arm-none-eabi-gcc/13.3.1-1.1.1/.content/bin/../lib/gcc/arm-none-eabi/13.3.1/../../../../arm-none-eabi/lib/thumb/v7e-m+fp/hard\libc_nano.a
END GROUP
START GROUP
LOAD C:/Users/valer/AppData/Roaming/Code/User/globalStorage/bmd.stm32-for-vscode/@xpack-dev-tools/arm-none-eabi-gcc/13.3.1-1.1.1/.content/bin/../lib/gcc/arm-none-eabi/13.3.1/thumb/v7e-m+fp/hard\libgcc.a
LOAD C:/Users/valer/AppData/Roaming/Code/User/globalStorage/bmd.stm32-for-vscode/@xpack-dev-tools/arm-none-eabi-gcc/13.3.1-1.1.1/.content/bin/../lib/gcc/arm-none-eabi/13.3.1/../../../../arm-none-eabi/lib/thumb/v7e-m+fp/hard\libc_nano.a
END GROUP
LOAD C:/Users/valer/AppData/Roaming/Code/User/globalStorage/bmd.stm32-for-vscode/@xpack-dev-tools/arm-none-eabi-gcc/13.3.1-1.1.1/.content/bin/../lib/gcc/arm-none-eabi/13.3.1/thumb/v7e-m+fp/hard/crtend.o
LOAD C:/Users/valer/AppData/Roaming/Code/User/globalStorage/bmd.stm32-for-vscode/@xpack-dev-tools/arm-none-eabi-gcc/13.3.1-1.1.1/.content/bin/../lib/gcc/arm-none-eabi/13.3.1/thumb/v7e-m+fp/hard/crtn.o
                0x20020000                        _estack = (ORIGIN (RAM) + LENGTH (RAM))
                0x00000200                        _Min_Heap_Size = 0x200
                0x00000400                        _Min_Stack_Size = 0x400

.isr_vector     0x08000000      0x1c4
                0x08000000                        . = ALIGN (0x4)
 *(.isr_vector)
 .isr_vector    0x08000000      0x1c4 build/debug/startup_stm32f446xx.o
                0x08000000                g_pfnVectors
                0x080001c4                        . = ALIGN (0x4)

.text           0x080001d0     0x32d8
                0x080001d0                        . = ALIGN (0x4)
 *(.text)
 .text          0x080001d0       0x10 C:/Users/valer/AppData/Roaming/Code/User/globalStorage/bmd.stm32-for-vscode/@xpack-dev-tools/arm-none-eabi-gcc/13.3.1-1.1.1/.content/bin/../lib/gcc/arm-none-eabi/13.3.1/../../../../arm-none-eabi/lib/thumb/v7e-m+fp/hard\libc_nano.a(libc_a-strlen.o)
                0x080001d0                strlen
 .text          0x080001e0       0xa0 C:/Users/valer/AppData/Roaming/Code/User/globalStorage/bmd.stm32-for-vscode/@xpack-dev-tools/arm-none-eabi-gcc/13.3.1-1.1.1/.content/bin/../lib/gcc/arm-none-eabi/13.3.1/../../../../arm-none-eabi/lib/thumb/v7e-m+fp/hard\libc_nano.a(libc_a-memchr.o)
                0x080001e0                memchr
 .text          0x08000280       0x30 C:/Users/valer/AppData/Roaming/Code/User/globalStorage/bmd.stm32-for-vscode/@xpack-dev-tools/arm-none-eabi-gcc/13.3.1-1.1.1/.content/bin/../lib/gcc/arm-none-eabi/13.3.1/thumb/v7e-m+fp/hard\libgcc.a(_aeabi_uldivmod.o)
                0x08000280                __aeabi_uldivmod
 .text          0x080002b0        0x4 C:/Users/valer/AppData/Roaming/Code/User/globalStorage/bmd.stm32-for-vscode/@xpack-dev-tools/arm-none-eabi-gcc/13.3.1-1.1.1/.content/bin/../lib/gcc/arm-none-eabi/13.3.1/thumb/v7e-m+fp/hard\libgcc.a(_dvmd_tls.o)
                0x080002b0                __aeabi_idiv0
                0x080002b0                __aeabi_ldiv0
 *(.text*)
 .text.__do_global_dtors_aux
                0x080002b4       0x24 C:/Users/valer/AppData/Roaming/Code/User/globalStorage/bmd.stm32-for-vscode/@xpack-dev-tools/arm-none-eabi-gcc/13.3.1-1.1.1/.content/bin/../lib/gcc/arm-none-eabi/13.3.1/thumb/v7e-m+fp/hard/crtbegin.o
 .text.frame_dummy
                0x080002d8       0x1c C:/Users/valer/AppData/Roaming/Code/User/globalStorage/bmd.stm32-for-vscode/@xpack-dev-tools/arm-none-eabi-gcc/13.3.1-1.1.1/.content/bin/../lib/gcc/arm-none-eabi/13.3.1/thumb/v7e-m+fp/hard/crtbegin.o
 .text.initFilter
                0x080002f4       0x1e build/debug/Core/Src/analog_filter.o
                0x080002f4                initFilter
 *fill*         0x08000312        0x2 
 .text.__NVIC_SystemReset
                0x08000314       0x24 build/debug/Core/Src/fsm_controller.o
 .text.fsm_init
                0x08000338        0x6 build/debug/Core/Src/fsm_controller.o
                0x08000338                fsm_init
 .text.change_state
                0x0800033e        0x4 build/debug/Core/Src/fsm_controller.o
                0x0800033e                change_state
 *fill*         0x08000342        0x2 
 .text.button_pressed
                0x08000344       0x4c build/debug/Core/Src/fsm_controller.o
                0x08000344                button_pressed
 .text.fsm_run  0x08000390      0x160 build/debug/Core/Src/fsm_controller.o
                0x08000390                fsm_run
 .text.MX_GPIO_Init
                0x080004f0       0xdc build/debug/Core/Src/main.o
 .text.MX_DMA_Init
                0x080005cc       0x34 build/debug/Core/Src/main.o
 .text.Error_Handler
                0x08000600       0x18 build/debug/Core/Src/main.o
                0x08000600                Error_Handler
 .text.MX_USART2_UART_Init
                0x08000618       0x34 build/debug/Core/Src/main.o
 .text.MX_ADC1_Init
                0x0800064c       0x6c build/debug/Core/Src/main.o
 .text.MX_TIM2_Init
                0x080006b8       0x68 build/debug/Core/Src/main.o
 .text.MX_TIM3_Init
                0x08000720       0x68 build/debug/Core/Src/main.o
 .text.SystemClock_Config
                0x08000788       0xa4 build/debug/Core/Src/main.o
                0x08000788                SystemClock_Config
 .text.main     0x0800082c       0x34 build/debug/Core/Src/main.o
                0x0800082c                main
 .text.HAL_MspInit
                0x08000860       0x40 build/debug/Core/Src/stm32f4xx_hal_msp.o
                0x08000860                HAL_MspInit
 .text.HAL_ADC_MspInit
                0x080008a0       0xac build/debug/Core/Src/stm32f4xx_hal_msp.o
                0x080008a0                HAL_ADC_MspInit
 .text.HAL_TIM_Base_MspInit
                0x0800094c       0x74 build/debug/Core/Src/stm32f4xx_hal_msp.o
                0x0800094c                HAL_TIM_Base_MspInit
 .text.HAL_UART_MspInit
                0x080009c0       0x70 build/debug/Core/Src/stm32f4xx_hal_msp.o
                0x080009c0                HAL_UART_MspInit
 .text.NMI_Handler
                0x08000a30        0x2 build/debug/Core/Src/stm32f4xx_it.o
                0x08000a30                NMI_Handler
 .text.HardFault_Handler
                0x08000a32        0x2 build/debug/Core/Src/stm32f4xx_it.o
                0x08000a32                HardFault_Handler
 .text.MemManage_Handler
                0x08000a34        0x2 build/debug/Core/Src/stm32f4xx_it.o
                0x08000a34                MemManage_Handler
 .text.BusFault_Handler
                0x08000a36        0x2 build/debug/Core/Src/stm32f4xx_it.o
                0x08000a36                BusFault_Handler
 .text.UsageFault_Handler
                0x08000a38        0x2 build/debug/Core/Src/stm32f4xx_it.o
                0x08000a38                UsageFault_Handler
 .text.SVC_Handler
                0x08000a3a        0x2 build/debug/Core/Src/stm32f4xx_it.o
                0x08000a3a                SVC_Handler
 .text.DebugMon_Handler
                0x08000a3c        0x2 build/debug/Core/Src/stm32f4xx_it.o
                0x08000a3c                DebugMon_Handler
 .text.PendSV_Handler
                0x08000a3e        0x2 build/debug/Core/Src/stm32f4xx_it.o
                0x08000a3e                PendSV_Handler
 .text.SysTick_Handler
                0x08000a40        0x8 build/debug/Core/Src/stm32f4xx_it.o
                0x08000a40                SysTick_Handler
 .text.EXTI0_IRQHandler
                0x08000a48       0x50 build/debug/Core/Src/stm32f4xx_it.o
                0x08000a48                EXTI0_IRQHandler
 .text.TIM2_IRQHandler
                0x08000a98       0x38 build/debug/Core/Src/stm32f4xx_it.o
                0x08000a98                TIM2_IRQHandler
 .text.TIM3_IRQHandler
                0x08000ad0       0x38 build/debug/Core/Src/stm32f4xx_it.o
                0x08000ad0                TIM3_IRQHandler
 .text.EXTI15_10_IRQHandler
                0x08000b08       0x28 build/debug/Core/Src/stm32f4xx_it.o
                0x08000b08                EXTI15_10_IRQHandler
 .text.DMA2_Stream0_IRQHandler
                0x08000b30       0x2c build/debug/Core/Src/stm32f4xx_it.o
                0x08000b30                DMA2_Stream0_IRQHandler
 .text._sbrk    0x08000b5c       0x48 build/debug/Core/Src/sysmem.o
                0x08000b5c                _sbrk
 .text.SystemInit
                0x08000ba4       0x14 build/debug/Core/Src/system_stm32f4xx.o
                0x08000ba4                SystemInit
 .text.HAL_InitTick
                0x08000bb8       0x4c build/debug/Drivers/STM32F4xx_HAL_Driver/Src/stm32f4xx_hal.o
                0x08000bb8                HAL_InitTick
 .text.HAL_Init
                0x08000c04       0x34 build/debug/Drivers/STM32F4xx_HAL_Driver/Src/stm32f4xx_hal.o
                0x08000c04                HAL_Init
 .text.HAL_IncTick
                0x08000c38       0x18 build/debug/Drivers/STM32F4xx_HAL_Driver/Src/stm32f4xx_hal.o
                0x08000c38                HAL_IncTick
 .text.HAL_GetTick
                0x08000c50        0xc build/debug/Drivers/STM32F4xx_HAL_Driver/Src/stm32f4xx_hal.o
                0x08000c50                HAL_GetTick
 .text.HAL_Delay
                0x08000c5c       0x28 build/debug/Drivers/STM32F4xx_HAL_Driver/Src/stm32f4xx_hal.o
                0x08000c5c                HAL_Delay
 .text.ADC_Init
                0x08000c84      0x134 build/debug/Drivers/STM32F4xx_HAL_Driver/Src/stm32f4xx_hal_adc.o
 .text.HAL_ADC_Init
                0x08000db8       0x56 build/debug/Drivers/STM32F4xx_HAL_Driver/Src/stm32f4xx_hal_adc.o
                0x08000db8                HAL_ADC_Init
 *fill*         0x08000e0e        0x2 
 .text.HAL_ADC_Start
                0x08000e10      0x144 build/debug/Drivers/STM32F4xx_HAL_Driver/Src/stm32f4xx_hal_adc.o
                0x08000e10                HAL_ADC_Start
 .text.HAL_ADC_PollForConversion
                0x08000f54       0xb8 build/debug/Drivers/STM32F4xx_HAL_Driver/Src/stm32f4xx_hal_adc.o
                0x08000f54                HAL_ADC_PollForConversion
 .text.HAL_ADC_GetValue
                0x0800100c        0x6 build/debug/Drivers/STM32F4xx_HAL_Driver/Src/stm32f4xx_hal_adc.o
                0x0800100c                HAL_ADC_GetValue
 *fill*         0x08001012        0x2 
 .text.HAL_ADC_ConfigChannel
                0x08001014      0x1ac build/debug/Drivers/STM32F4xx_HAL_Driver/Src/stm32f4xx_hal_adc.o
                0x08001014                HAL_ADC_ConfigChannel
 .text.__NVIC_EnableIRQ
                0x080011c0       0x1c build/debug/Drivers/STM32F4xx_HAL_Driver/Src/stm32f4xx_hal_cortex.o
 .text.__NVIC_SetPriority
                0x080011dc       0x28 build/debug/Drivers/STM32F4xx_HAL_Driver/Src/stm32f4xx_hal_cortex.o
 .text.NVIC_EncodePriority
                0x08001204       0x3e build/debug/Drivers/STM32F4xx_HAL_Driver/Src/stm32f4xx_hal_cortex.o
 *fill*         0x08001242        0x2 
 .text.HAL_NVIC_SetPriorityGrouping
                0x08001244       0x24 build/debug/Drivers/STM32F4xx_HAL_Driver/Src/stm32f4xx_hal_cortex.o
                0x08001244                HAL_NVIC_SetPriorityGrouping
 .text.HAL_NVIC_SetPriority
                0x08001268       0x20 build/debug/Drivers/STM32F4xx_HAL_Driver/Src/stm32f4xx_hal_cortex.o
                0x08001268                HAL_NVIC_SetPriority
 .text.HAL_NVIC_EnableIRQ
                0x08001288        0x8 build/debug/Drivers/STM32F4xx_HAL_Driver/Src/stm32f4xx_hal_cortex.o
                0x08001288                HAL_NVIC_EnableIRQ
 .text.HAL_SYSTICK_Config
                0x08001290       0x28 build/debug/Drivers/STM32F4xx_HAL_Driver/Src/stm32f4xx_hal_cortex.o
                0x08001290                HAL_SYSTICK_Config
 .text.DMA_CalcBaseAndBitshift
                0x080012b8       0x3c build/debug/Drivers/STM32F4xx_HAL_Driver/Src/stm32f4xx_hal_dma.o
 .text.DMA_CheckFifoParam
                0x080012f4       0x8e build/debug/Drivers/STM32F4xx_HAL_Driver/Src/stm32f4xx_hal_dma.o
 *fill*         0x08001382        0x2 
 .text.HAL_DMA_Init
                0x08001384       0xcc build/debug/Drivers/STM32F4xx_HAL_Driver/Src/stm32f4xx_hal_dma.o
                0x08001384                HAL_DMA_Init
 .text.HAL_DMA_IRQHandler
                0x08001450      0x1dc build/debug/Drivers/STM32F4xx_HAL_Driver/Src/stm32f4xx_hal_dma.o
                0x08001450                HAL_DMA_IRQHandler
 .text.HAL_GPIO_Init
                0x0800162c      0x1e0 build/debug/Drivers/STM32F4xx_HAL_Driver/Src/stm32f4xx_hal_gpio.o
                0x0800162c                HAL_GPIO_Init
 .text.HAL_GPIO_ReadPin
                0x0800180c        0xe build/debug/Drivers/STM32F4xx_HAL_Driver/Src/stm32f4xx_hal_gpio.o
                0x0800180c                HAL_GPIO_ReadPin
 .text.HAL_GPIO_WritePin
                0x0800181a        0xc build/debug/Drivers/STM32F4xx_HAL_Driver/Src/stm32f4xx_hal_gpio.o
                0x0800181a                HAL_GPIO_WritePin
 .text.HAL_GPIO_EXTI_Callback
                0x08001826        0x2 build/debug/Drivers/STM32F4xx_HAL_Driver/Src/stm32f4xx_hal_gpio.o
                0x08001826                HAL_GPIO_EXTI_Callback
 .text.HAL_GPIO_EXTI_IRQHandler
                0x08001828       0x1c build/debug/Drivers/STM32F4xx_HAL_Driver/Src/stm32f4xx_hal_gpio.o
                0x08001828                HAL_GPIO_EXTI_IRQHandler
 .text.HAL_RCC_ClockConfig
                0x08001844      0x160 build/debug/Drivers/STM32F4xx_HAL_Driver/Src/stm32f4xx_hal_rcc.o
                0x08001844                HAL_RCC_ClockConfig
 .text.HAL_RCC_GetHCLKFreq
                0x080019a4        0xc build/debug/Drivers/STM32F4xx_HAL_Driver/Src/stm32f4xx_hal_rcc.o
                0x080019a4                HAL_RCC_GetHCLKFreq
 .text.HAL_RCC_GetPCLK1Freq
                0x080019b0       0x20 build/debug/Drivers/STM32F4xx_HAL_Driver/Src/stm32f4xx_hal_rcc.o
                0x080019b0                HAL_RCC_GetPCLK1Freq
 .text.HAL_RCC_GetPCLK2Freq
                0x080019d0       0x20 build/debug/Drivers/STM32F4xx_HAL_Driver/Src/stm32f4xx_hal_rcc.o
                0x080019d0                HAL_RCC_GetPCLK2Freq
 .text.HAL_RCC_GetSysClockFreq
                0x080019f0      0x190 build/debug/Drivers/STM32F4xx_HAL_Driver/Src/stm32f4xx_hal_rcc_ex.o
                0x080019f0                HAL_RCC_GetSysClockFreq
 .text.HAL_RCC_OscConfig
                0x08001b80      0x444 build/debug/Drivers/STM32F4xx_HAL_Driver/Src/stm32f4xx_hal_rcc_ex.o
                0x08001b80                HAL_RCC_OscConfig
 .text.TIM_TI1_ConfigInputStage
                0x08001fc4       0x26 build/debug/Drivers/STM32F4xx_HAL_Driver/Src/stm32f4xx_hal_tim.o
 .text.TIM_TI2_ConfigInputStage
                0x08001fea       0x28 build/debug/Drivers/STM32F4xx_HAL_Driver/Src/stm32f4xx_hal_tim.o
 .text.TIM_ITRx_SetConfig
                0x08002012       0x10 build/debug/Drivers/STM32F4xx_HAL_Driver/Src/stm32f4xx_hal_tim.o
 *fill*         0x08002022        0x2 
 .text.HAL_TIM_Base_Start_IT
                0x08002024       0x88 build/debug/Drivers/STM32F4xx_HAL_Driver/Src/stm32f4xx_hal_tim.o
                0x08002024                HAL_TIM_Base_Start_IT
 .text.HAL_TIM_Base_Stop_IT
                0x080020ac       0x32 build/debug/Drivers/STM32F4xx_HAL_Driver/Src/stm32f4xx_hal_tim.o
                0x080020ac                HAL_TIM_Base_Stop_IT
 .text.HAL_TIM_PeriodElapsedCallback
                0x080020de        0x2 build/debug/Drivers/STM32F4xx_HAL_Driver/Src/stm32f4xx_hal_tim.o
                0x080020de                HAL_TIM_PeriodElapsedCallback
 .text.HAL_TIM_OC_DelayElapsedCallback
                0x080020e0        0x2 build/debug/Drivers/STM32F4xx_HAL_Driver/Src/stm32f4xx_hal_tim.o
                0x080020e0                HAL_TIM_OC_DelayElapsedCallback
 .text.HAL_TIM_IC_CaptureCallback
                0x080020e2        0x2 build/debug/Drivers/STM32F4xx_HAL_Driver/Src/stm32f4xx_hal_tim.o
                0x080020e2                HAL_TIM_IC_CaptureCallback
 .text.HAL_TIM_PWM_PulseFinishedCallback
                0x080020e4        0x2 build/debug/Drivers/STM32F4xx_HAL_Driver/Src/stm32f4xx_hal_tim.o
                0x080020e4                HAL_TIM_PWM_PulseFinishedCallback
 .text.HAL_TIM_TriggerCallback
                0x080020e6        0x2 build/debug/Drivers/STM32F4xx_HAL_Driver/Src/stm32f4xx_hal_tim.o
                0x080020e6                HAL_TIM_TriggerCallback
 .text.HAL_TIM_IRQHandler
                0x080020e8      0x15e build/debug/Drivers/STM32F4xx_HAL_Driver/Src/stm32f4xx_hal_tim.o
                0x080020e8                HAL_TIM_IRQHandler
 *fill*         0x08002246        0x2 
 .text.TIM_Base_SetConfig
                0x08002248       0xd8 build/debug/Drivers/STM32F4xx_HAL_Driver/Src/stm32f4xx_hal_tim.o
                0x08002248                TIM_Base_SetConfig
 .text.HAL_TIM_Base_Init
                0x08002320       0x58 build/debug/Drivers/STM32F4xx_HAL_Driver/Src/stm32f4xx_hal_tim.o
                0x08002320                HAL_TIM_Base_Init
 .text.TIM_ETR_SetConfig
                0x08002378       0x1a build/debug/Drivers/STM32F4xx_HAL_Driver/Src/stm32f4xx_hal_tim.o
                0x08002378                TIM_ETR_SetConfig
 .text.HAL_TIM_ConfigClockSource
                0x08002392       0xfe build/debug/Drivers/STM32F4xx_HAL_Driver/Src/stm32f4xx_hal_tim.o
                0x08002392                HAL_TIM_ConfigClockSource
 .text.HAL_TIMEx_MasterConfigSynchronization
                0x08002490       0x8c build/debug/Drivers/STM32F4xx_HAL_Driver/Src/stm32f4xx_hal_tim_ex.o
                0x08002490                HAL_TIMEx_MasterConfigSynchronization
 .text.HAL_TIMEx_CommutCallback
                0x0800251c        0x2 build/debug/Drivers/STM32F4xx_HAL_Driver/Src/stm32f4xx_hal_tim_ex.o
                0x0800251c                HAL_TIMEx_CommutCallback
 .text.HAL_TIMEx_BreakCallback
                0x0800251e        0x2 build/debug/Drivers/STM32F4xx_HAL_Driver/Src/stm32f4xx_hal_tim_ex.o
                0x0800251e                HAL_TIMEx_BreakCallback
 .text.UART_EndRxTransfer
                0x08002520       0x5c build/debug/Drivers/STM32F4xx_HAL_Driver/Src/stm32f4xx_hal_uart.o
 .text.UART_SetConfig
                0x0800257c      0x110 build/debug/Drivers/STM32F4xx_HAL_Driver/Src/stm32f4xx_hal_uart.o
 .text.UART_WaitOnFlagUntilTimeout
                0x0800268c       0x86 build/debug/Drivers/STM32F4xx_HAL_Driver/Src/stm32f4xx_hal_uart.o
 .text.HAL_UART_Init
                0x08002712       0x60 build/debug/Drivers/STM32F4xx_HAL_Driver/Src/stm32f4xx_hal_uart.o
                0x08002712                HAL_UART_Init
 .text.HAL_UART_Transmit
                0x08002772       0xcc build/debug/Drivers/STM32F4xx_HAL_Driver/Src/stm32f4xx_hal_uart.o
                0x08002772                HAL_UART_Transmit
 *fill*         0x0800283e        0x2 
 .text.Reset_Handler
                0x08002840       0x50 build/debug/startup_stm32f446xx.o
                0x08002840                Reset_Handler
 .text.Default_Handler
                0x08002890        0x2 build/debug/startup_stm32f446xx.o
                0x08002890                RTC_Alarm_IRQHandler
                0x08002890                EXTI2_IRQHandler
                0x08002890                TIM8_CC_IRQHandler
                0x08002890                FMPI2C1_EV_IRQHandler
                0x08002890                SPI4_IRQHandler
                0x08002890                TIM1_CC_IRQHandler
                0x08002890                DMA2_Stream5_IRQHandler
                0x08002890                DMA1_Stream5_IRQHandler
                0x08002890                PVD_IRQHandler
                0x08002890                SDIO_IRQHandler
                0x08002890                TAMP_STAMP_IRQHandler
                0x08002890                CAN2_RX1_IRQHandler
                0x08002890                EXTI3_IRQHandler
                0x08002890                TIM8_TRG_COM_TIM14_IRQHandler
                0x08002890                TIM1_UP_TIM10_IRQHandler
                0x08002890                TIM8_UP_TIM13_IRQHandler
                0x08002890                I2C3_ER_IRQHandler
                0x08002890                I2C2_EV_IRQHandler
                0x08002890                DMA1_Stream2_IRQHandler
                0x08002890                CAN1_RX0_IRQHandler
                0x08002890                FPU_IRQHandler
                0x08002890                OTG_HS_WKUP_IRQHandler
                0x08002890                CAN2_SCE_IRQHandler
                0x08002890                DMA2_Stream2_IRQHandler
                0x08002890                SPI1_IRQHandler
                0x08002890                TIM6_DAC_IRQHandler
                0x08002890                TIM1_BRK_TIM9_IRQHandler
                0x08002890                DCMI_IRQHandler
                0x08002890                CAN2_RX0_IRQHandler
                0x08002890                DMA2_Stream3_IRQHandler
                0x08002890                SAI2_IRQHandler
                0x08002890                USART6_IRQHandler
                0x08002890                USART3_IRQHandler
                0x08002890                CAN1_RX1_IRQHandler
                0x08002890                UART5_IRQHandler
                0x08002890                TIM4_IRQHandler
                0x08002890                QUADSPI_IRQHandler
                0x08002890                I2C1_EV_IRQHandler
                0x08002890                DMA1_Stream6_IRQHandler
                0x08002890                DMA1_Stream1_IRQHandler
                0x08002890                UART4_IRQHandler
                0x08002890                RCC_IRQHandler
                0x08002890                TIM8_BRK_TIM12_IRQHandler
                0x08002890                Default_Handler
                0x08002890                CEC_IRQHandler
                0x08002890                ADC_IRQHandler
                0x08002890                DMA1_Stream7_IRQHandler
                0x08002890                TIM7_IRQHandler
                0x08002890                CAN2_TX_IRQHandler
                0x08002890                TIM5_IRQHandler
                0x08002890                DMA2_Stream7_IRQHandler
                0x08002890                I2C3_EV_IRQHandler
                0x08002890                EXTI9_5_IRQHandler
                0x08002890                RTC_WKUP_IRQHandler
                0x08002890                SPDIF_RX_IRQHandler
                0x08002890                SPI2_IRQHandler
                0x08002890                OTG_HS_EP1_IN_IRQHandler
                0x08002890                DMA1_Stream0_IRQHandler
                0x08002890                CAN1_TX_IRQHandler
                0x08002890                FMPI2C1_ER_IRQHandler
                0x08002890                EXTI4_IRQHandler
                0x08002890                OTG_HS_EP1_OUT_IRQHandler
                0x08002890                WWDG_IRQHandler
                0x08002890                OTG_FS_WKUP_IRQHandler
                0x08002890                TIM1_TRG_COM_TIM11_IRQHandler
                0x08002890                OTG_HS_IRQHandler
                0x08002890                EXTI1_IRQHandler
                0x08002890                USART2_IRQHandler
                0x08002890                I2C2_ER_IRQHandler
                0x08002890                DMA2_Stream1_IRQHandler
                0x08002890                CAN1_SCE_IRQHandler
                0x08002890                FLASH_IRQHandler
                0x08002890                DMA2_Stream4_IRQHandler
                0x08002890                USART1_IRQHandler
                0x08002890                OTG_FS_IRQHandler
                0x08002890                SPI3_IRQHandler
                0x08002890                DMA1_Stream4_IRQHandler
                0x08002890                I2C1_ER_IRQHandler
                0x08002890                FMC_IRQHandler
                0x08002890                DMA2_Stream6_IRQHandler
                0x08002890                SAI1_IRQHandler
                0x08002890                DMA1_Stream3_IRQHandler
 *fill*         0x08002892        0x2 
 .text.sprintf  0x08002894       0x44 C:/Users/valer/AppData/Roaming/Code/User/globalStorage/bmd.stm32-for-vscode/@xpack-dev-tools/arm-none-eabi-gcc/13.3.1-1.1.1/.content/bin/../lib/gcc/arm-none-eabi/13.3.1/../../../../arm-none-eabi/lib/thumb/v7e-m+fp/hard\libc_nano.a(libc_a-sprintf.o)
                0x08002894                siprintf
                0x08002894                sprintf
 .text.memset   0x080028d8       0x10 C:/Users/valer/AppData/Roaming/Code/User/globalStorage/bmd.stm32-for-vscode/@xpack-dev-tools/arm-none-eabi-gcc/13.3.1-1.1.1/.content/bin/../lib/gcc/arm-none-eabi/13.3.1/../../../../arm-none-eabi/lib/thumb/v7e-m+fp/hard\libc_nano.a(libc_a-memset.o)
                0x080028d8                memset
 .text.__errno  0x080028e8        0xc C:/Users/valer/AppData/Roaming/Code/User/globalStorage/bmd.stm32-for-vscode/@xpack-dev-tools/arm-none-eabi-gcc/13.3.1-1.1.1/.content/bin/../lib/gcc/arm-none-eabi/13.3.1/../../../../arm-none-eabi/lib/thumb/v7e-m+fp/hard\libc_nano.a(libc_a-errno.o)
                0x080028e8                __errno
 .text.__libc_init_array
                0x080028f4       0x48 C:/Users/valer/AppData/Roaming/Code/User/globalStorage/bmd.stm32-for-vscode/@xpack-dev-tools/arm-none-eabi-gcc/13.3.1-1.1.1/.content/bin/../lib/gcc/arm-none-eabi/13.3.1/../../../../arm-none-eabi/lib/thumb/v7e-m+fp/hard\libc_nano.a(libc_a-init.o)
                0x080028f4                __libc_init_array
 .text.__retarget_lock_acquire_recursive
                0x0800293c        0x2 C:/Users/valer/AppData/Roaming/Code/User/globalStorage/bmd.stm32-for-vscode/@xpack-dev-tools/arm-none-eabi-gcc/13.3.1-1.1.1/.content/bin/../lib/gcc/arm-none-eabi/13.3.1/../../../../arm-none-eabi/lib/thumb/v7e-m+fp/hard\libc_nano.a(libc_a-lock.o)
                0x0800293c                __retarget_lock_acquire_recursive
 .text.__retarget_lock_release_recursive
                0x0800293e        0x2 C:/Users/valer/AppData/Roaming/Code/User/globalStorage/bmd.stm32-for-vscode/@xpack-dev-tools/arm-none-eabi-gcc/13.3.1-1.1.1/.content/bin/../lib/gcc/arm-none-eabi/13.3.1/../../../../arm-none-eabi/lib/thumb/v7e-m+fp/hard\libc_nano.a(libc_a-lock.o)
                0x0800293e                __retarget_lock_release_recursive
 .text._free_r  0x08002940       0x94 C:/Users/valer/AppData/Roaming/Code/User/globalStorage/bmd.stm32-for-vscode/@xpack-dev-tools/arm-none-eabi-gcc/13.3.1-1.1.1/.content/bin/../lib/gcc/arm-none-eabi/13.3.1/../../../../arm-none-eabi/lib/thumb/v7e-m+fp/hard\libc_nano.a(libc_a-freer.o)
                0x08002940                _free_r
 .text.sbrk_aligned
                0x080029d4       0x44 C:/Users/valer/AppData/Roaming/Code/User/globalStorage/bmd.stm32-for-vscode/@xpack-dev-tools/arm-none-eabi-gcc/13.3.1-1.1.1/.content/bin/../lib/gcc/arm-none-eabi/13.3.1/../../../../arm-none-eabi/lib/thumb/v7e-m+fp/hard\libc_nano.a(libc_a-mallocr.o)
 .text._malloc_r
                0x08002a18      0x100 C:/Users/valer/AppData/Roaming/Code/User/globalStorage/bmd.stm32-for-vscode/@xpack-dev-tools/arm-none-eabi-gcc/13.3.1-1.1.1/.content/bin/../lib/gcc/arm-none-eabi/13.3.1/../../../../arm-none-eabi/lib/thumb/v7e-m+fp/hard\libc_nano.a(libc_a-mallocr.o)
                0x08002a18                _malloc_r
 .text.__malloc_lock
                0x08002b18        0xc C:/Users/valer/AppData/Roaming/Code/User/globalStorage/bmd.stm32-for-vscode/@xpack-dev-tools/arm-none-eabi-gcc/13.3.1-1.1.1/.content/bin/../lib/gcc/arm-none-eabi/13.3.1/../../../../arm-none-eabi/lib/thumb/v7e-m+fp/hard\libc_nano.a(libc_a-mlock.o)
                0x08002b18                __malloc_lock
 .text.__malloc_unlock
                0x08002b24        0xc C:/Users/valer/AppData/Roaming/Code/User/globalStorage/bmd.stm32-for-vscode/@xpack-dev-tools/arm-none-eabi-gcc/13.3.1-1.1.1/.content/bin/../lib/gcc/arm-none-eabi/13.3.1/../../../../arm-none-eabi/lib/thumb/v7e-m+fp/hard\libc_nano.a(libc_a-mlock.o)
                0x08002b24                __malloc_unlock
 .text.__ssputs_r
                0x08002b30       0xb6 C:/Users/valer/AppData/Roaming/Code/User/globalStorage/bmd.stm32-for-vscode/@xpack-dev-tools/arm-none-eabi-gcc/13.3.1-1.1.1/.content/bin/../lib/gcc/arm-none-eabi/13.3.1/../../../../arm-none-eabi/lib/thumb/v7e-m+fp/hard\libc_nano.a(libc_a-nano-svfprintf.o)
                0x08002b30                __ssputs_r
 *fill*         0x08002be6        0x2 
 .text._svfprintf_r
                0x08002be8      0x1f8 C:/Users/valer/AppData/Roaming/Code/User/globalStorage/bmd.stm32-for-vscode/@xpack-dev-tools/arm-none-eabi-gcc/13.3.1-1.1.1/.content/bin/../lib/gcc/arm-none-eabi/13.3.1/../../../../arm-none-eabi/lib/thumb/v7e-m+fp/hard\libc_nano.a(libc_a-nano-svfprintf.o)
                0x08002be8                _svfiprintf_r
                0x08002be8                _svfprintf_r
 .text._printf_common
                0x08002de0       0xda C:/Users/valer/AppData/Roaming/Code/User/globalStorage/bmd.stm32-for-vscode/@xpack-dev-tools/arm-none-eabi-gcc/13.3.1-1.1.1/.content/bin/../lib/gcc/arm-none-eabi/13.3.1/../../../../arm-none-eabi/lib/thumb/v7e-m+fp/hard\libc_nano.a(libc_a-nano-vfprintf_i.o)
                0x08002de0                _printf_common
 *fill*         0x08002eba        0x2 
 .text._printf_i
                0x08002ebc      0x23c C:/Users/valer/AppData/Roaming/Code/User/globalStorage/bmd.stm32-for-vscode/@xpack-dev-tools/arm-none-eabi-gcc/13.3.1-1.1.1/.content/bin/../lib/gcc/arm-none-eabi/13.3.1/../../../../arm-none-eabi/lib/thumb/v7e-m+fp/hard\libc_nano.a(libc_a-nano-vfprintf_i.o)
                0x08002ebc                _printf_i
 .text.memmove  0x080030f8       0x34 C:/Users/valer/AppData/Roaming/Code/User/globalStorage/bmd.stm32-for-vscode/@xpack-dev-tools/arm-none-eabi-gcc/13.3.1-1.1.1/.content/bin/../lib/gcc/arm-none-eabi/13.3.1/../../../../arm-none-eabi/lib/thumb/v7e-m+fp/hard\libc_nano.a(libc_a-memmove.o)
                0x080030f8                memmove
 .text._sbrk_r  0x0800312c       0x20 C:/Users/valer/AppData/Roaming/Code/User/globalStorage/bmd.stm32-for-vscode/@xpack-dev-tools/arm-none-eabi-gcc/13.3.1-1.1.1/.content/bin/../lib/gcc/arm-none-eabi/13.3.1/../../../../arm-none-eabi/lib/thumb/v7e-m+fp/hard\libc_nano.a(libc_a-sbrkr.o)
                0x0800312c                _sbrk_r
 .text.memcpy   0x0800314c       0x1c C:/Users/valer/AppData/Roaming/Code/User/globalStorage/bmd.stm32-for-vscode/@xpack-dev-tools/arm-none-eabi-gcc/13.3.1-1.1.1/.content/bin/../lib/gcc/arm-none-eabi/13.3.1/../../../../arm-none-eabi/lib/thumb/v7e-m+fp/hard\libc_nano.a(libc_a-memcpy-stub.o)
                0x0800314c                memcpy
 .text._realloc_r
                0x08003168       0x5c C:/Users/valer/AppData/Roaming/Code/User/globalStorage/bmd.stm32-for-vscode/@xpack-dev-tools/arm-none-eabi-gcc/13.3.1-1.1.1/.content/bin/../lib/gcc/arm-none-eabi/13.3.1/../../../../arm-none-eabi/lib/thumb/v7e-m+fp/hard\libc_nano.a(libc_a-reallocr.o)
                0x08003168                _realloc_r
 .text._malloc_usable_size_r
                0x080031c4       0x10 C:/Users/valer/AppData/Roaming/Code/User/globalStorage/bmd.stm32-for-vscode/@xpack-dev-tools/arm-none-eabi-gcc/13.3.1-1.1.1/.content/bin/../lib/gcc/arm-none-eabi/13.3.1/../../../../arm-none-eabi/lib/thumb/v7e-m+fp/hard\libc_nano.a(libc_a-msizer.o)
                0x080031c4                _malloc_usable_size_r
 .text.__udivmoddi4
                0x080031d4      0x2bc C:/Users/valer/AppData/Roaming/Code/User/globalStorage/bmd.stm32-for-vscode/@xpack-dev-tools/arm-none-eabi-gcc/13.3.1-1.1.1/.content/bin/../lib/gcc/arm-none-eabi/13.3.1/thumb/v7e-m+fp/hard\libgcc.a(_udivmoddi4.o)
                0x080031d4                __udivmoddi4
 *(.glue_7)
 .glue_7        0x08003490        0x0 linker stubs
 *(.glue_7t)
 .glue_7t       0x08003490        0x0 linker stubs
 *(.eh_frame)
 .eh_frame      0x08003490        0x0 C:/Users/valer/AppData/Roaming/Code/User/globalStorage/bmd.stm32-for-vscode/@xpack-dev-tools/arm-none-eabi-gcc/13.3.1-1.1.1/.content/bin/../lib/gcc/arm-none-eabi/13.3.1/thumb/v7e-m+fp/hard/crtbegin.o
 *(.init)
 .init          0x08003490        0x4 C:/Users/valer/AppData/Roaming/Code/User/globalStorage/bmd.stm32-for-vscode/@xpack-dev-tools/arm-none-eabi-gcc/13.3.1-1.1.1/.content/bin/../lib/gcc/arm-none-eabi/13.3.1/thumb/v7e-m+fp/hard/crti.o
                0x08003490                _init
 .init          0x08003494        0x8 C:/Users/valer/AppData/Roaming/Code/User/globalStorage/bmd.stm32-for-vscode/@xpack-dev-tools/arm-none-eabi-gcc/13.3.1-1.1.1/.content/bin/../lib/gcc/arm-none-eabi/13.3.1/thumb/v7e-m+fp/hard/crtn.o
 *(.fini)
 .fini          0x0800349c        0x4 C:/Users/valer/AppData/Roaming/Code/User/globalStorage/bmd.stm32-for-vscode/@xpack-dev-tools/arm-none-eabi-gcc/13.3.1-1.1.1/.content/bin/../lib/gcc/arm-none-eabi/13.3.1/thumb/v7e-m+fp/hard/crti.o
                0x0800349c                _fini
 .fini          0x080034a0        0x8 C:/Users/valer/AppData/Roaming/Code/User/globalStorage/bmd.stm32-for-vscode/@xpack-dev-tools/arm-none-eabi-gcc/13.3.1-1.1.1/.content/bin/../lib/gcc/arm-none-eabi/13.3.1/thumb/v7e-m+fp/hard/crtn.o
                0x080034a8                        . = ALIGN (0x4)
                0x080034a8                        _etext = .

.vfp11_veneer   0x080034a8        0x0
 .vfp11_veneer  0x080034a8        0x0 linker stubs

.v4_bx          0x080034a8        0x0
 .v4_bx         0x080034a8        0x0 linker stubs

.iplt           0x080034a8        0x0
 .iplt          0x080034a8        0x0 C:/Users/valer/AppData/Roaming/Code/User/globalStorage/bmd.stm32-for-vscode/@xpack-dev-tools/arm-none-eabi-gcc/13.3.1-1.1.1/.content/bin/../lib/gcc/arm-none-eabi/13.3.1/thumb/v7e-m+fp/hard/crtbegin.o

.rodata         0x080034a8       0xa8
                0x080034a8                        . = ALIGN (0x4)
 *(.rodata)
 *(.rodata*)
 .rodata.fsm_run.str1.4
                0x080034a8       0x52 build/debug/Core/Src/fsm_controller.o
                                 0x40 (size before relaxing)
 .rodata.EXTI0_IRQHandler.str1.4
                0x080034fa        0xe build/debug/Core/Src/stm32f4xx_it.o
 *fill*         0x080034fa        0x2 
 .rodata.APBPrescTable
                0x080034fc        0x8 build/debug/Core/Src/system_stm32f4xx.o
                0x080034fc                APBPrescTable
 .rodata.AHBPrescTable
                0x08003504       0x10 build/debug/Core/Src/system_stm32f4xx.o
                0x08003504                AHBPrescTable
 .rodata.flagBitshiftOffset.0
                0x08003514        0x8 build/debug/Drivers/STM32F4xx_HAL_Driver/Src/stm32f4xx_hal_dma.o
 .rodata._svfprintf_r.str1.1
                0x0800351c       0x33 C:/Users/valer/AppData/Roaming/Code/User/globalStorage/bmd.stm32-for-vscode/@xpack-dev-tools/arm-none-eabi-gcc/13.3.1-1.1.1/.content/bin/../lib/gcc/arm-none-eabi/13.3.1/../../../../arm-none-eabi/lib/thumb/v7e-m+fp/hard\libc_nano.a(libc_a-nano-svfprintf.o)
                                 0x11 (size before relaxing)
 .rodata._printf_i.str1.1
                0x0800354f       0x22 C:/Users/valer/AppData/Roaming/Code/User/globalStorage/bmd.stm32-for-vscode/@xpack-dev-tools/arm-none-eabi-gcc/13.3.1-1.1.1/.content/bin/../lib/gcc/arm-none-eabi/13.3.1/../../../../arm-none-eabi/lib/thumb/v7e-m+fp/hard\libc_nano.a(libc_a-nano-vfprintf_i.o)
                0x08003574                        . = ALIGN (0x4)
 *fill*         0x0800354f        0x1 

.ARM.extab
 *(.ARM.extab* .gnu.linkonce.armextab.*)

.ARM            0x08003550        0x8
                0x08003550                        __exidx_start = .
 *(.ARM.exidx*)
 .ARM.exidx     0x08003550        0x8 C:/Users/valer/AppData/Roaming/Code/User/globalStorage/bmd.stm32-for-vscode/@xpack-dev-tools/arm-none-eabi-gcc/13.3.1-1.1.1/.content/bin/../lib/gcc/arm-none-eabi/13.3.1/../../../../arm-none-eabi/lib/thumb/v7e-m+fp/hard\libc_nano.a(libc_a-strlen.o)
 .ARM.exidx     0x08003558        0x0 C:/Users/valer/AppData/Roaming/Code/User/globalStorage/bmd.stm32-for-vscode/@xpack-dev-tools/arm-none-eabi-gcc/13.3.1-1.1.1/.content/bin/../lib/gcc/arm-none-eabi/13.3.1/../../../../arm-none-eabi/lib/thumb/v7e-m+fp/hard\libc_nano.a(libc_a-memchr.o)
                                  0x8 (size before relaxing)
 .ARM.exidx.text.__udivmoddi4
                0x08003558        0x0 C:/Users/valer/AppData/Roaming/Code/User/globalStorage/bmd.stm32-for-vscode/@xpack-dev-tools/arm-none-eabi-gcc/13.3.1-1.1.1/.content/bin/../lib/gcc/arm-none-eabi/13.3.1/thumb/v7e-m+fp/hard\libgcc.a(_udivmoddi4.o)
                                  0x8 (size before relaxing)
                0x08003558                        __exidx_end = .

.rel.dyn        0x08003558        0x0
 .rel.iplt      0x08003558        0x0 C:/Users/valer/AppData/Roaming/Code/User/globalStorage/bmd.stm32-for-vscode/@xpack-dev-tools/arm-none-eabi-gcc/13.3.1-1.1.1/.content/bin/../lib/gcc/arm-none-eabi/13.3.1/thumb/v7e-m+fp/hard/crtbegin.o

.preinit_array  0x08003558        0x0
                0x08003558                        PROVIDE (__preinit_array_start = .)
 *(.preinit_array*)
                0x08003558                        PROVIDE (__preinit_array_end = .)

.init_array     0x08003558        0x4
                0x08003558                        PROVIDE (__init_array_start = .)
 *(SORT_BY_NAME(.init_array.*))
 *(.init_array*)
 .init_array    0x08003558        0x4 C:/Users/valer/AppData/Roaming/Code/User/globalStorage/bmd.stm32-for-vscode/@xpack-dev-tools/arm-none-eabi-gcc/13.3.1-1.1.1/.content/bin/../lib/gcc/arm-none-eabi/13.3.1/thumb/v7e-m+fp/hard/crtbegin.o
                0x0800355c                        PROVIDE (__init_array_end = .)

.fini_array     0x0800355c        0x4
                0x0800355c                        PROVIDE (__fini_array_start = .)
 *(SORT_BY_NAME(.fini_array.*))
 *(.fini_array*)
 .fini_array    0x0800355c        0x4 C:/Users/valer/AppData/Roaming/Code/User/globalStorage/bmd.stm32-for-vscode/@xpack-dev-tools/arm-none-eabi-gcc/13.3.1-1.1.1/.content/bin/../lib/gcc/arm-none-eabi/13.3.1/thumb/v7e-m+fp/hard/crtbegin.o
                0x08003560                        PROVIDE (__fini_array_end = .)
                0x08003560                        _sidata = LOADADDR (.data)

.data           0x20000000       0x5c load address 0x08003560
                0x20000000                        . = ALIGN (0x4)
                0x20000000                        _sdata = .
 *(.data)
 *(.data*)
 .data.SystemCoreClock
                0x20000000        0x4 build/debug/Core/Src/system_stm32f4xx.o
                0x20000000                SystemCoreClock
 .data.uwTickFreq
                0x20000004        0x1 build/debug/Drivers/STM32F4xx_HAL_Driver/Src/stm32f4xx_hal.o
                0x20000004                uwTickFreq
 *fill*         0x20000005        0x3 
 .data.uwTickPrio
                0x20000008        0x4 build/debug/Drivers/STM32F4xx_HAL_Driver/Src/stm32f4xx_hal.o
                0x20000008                uwTickPrio
 .data._impure_ptr
                0x2000000c        0x4 C:/Users/valer/AppData/Roaming/Code/User/globalStorage/bmd.stm32-for-vscode/@xpack-dev-tools/arm-none-eabi-gcc/13.3.1-1.1.1/.content/bin/../lib/gcc/arm-none-eabi/13.3.1/../../../../arm-none-eabi/lib/thumb/v7e-m+fp/hard\libc_nano.a(libc_a-impure.o)
                0x2000000c                _impure_ptr
 .data._impure_data
                0x20000010       0x4c C:/Users/valer/AppData/Roaming/Code/User/globalStorage/bmd.stm32-for-vscode/@xpack-dev-tools/arm-none-eabi-gcc/13.3.1-1.1.1/.content/bin/../lib/gcc/arm-none-eabi/13.3.1/../../../../arm-none-eabi/lib/thumb/v7e-m+fp/hard\libc_nano.a(libc_a-impure.o)
                0x20000010                _impure_data
                0x2000005c                        . = ALIGN (0x4)
                0x2000005c                        _edata = .

.igot.plt       0x2000005c        0x0 load address 0x080035bc
 .igot.plt      0x2000005c        0x0 C:/Users/valer/AppData/Roaming/Code/User/globalStorage/bmd.stm32-for-vscode/@xpack-dev-tools/arm-none-eabi-gcc/13.3.1-1.1.1/.content/bin/../lib/gcc/arm-none-eabi/13.3.1/thumb/v7e-m+fp/hard/crtbegin.o
                0x2000005c                        . = ALIGN (0x4)

.bss            0x2000005c      0x574 load address 0x080035bc
                0x2000005c                        _sbss = .
                0x2000005c                        __bss_start__ = _sbss
 *(.bss)
 *(.bss*)
 .bss.completed.1
                0x2000005c        0x1 C:/Users/valer/AppData/Roaming/Code/User/globalStorage/bmd.stm32-for-vscode/@xpack-dev-tools/arm-none-eabi-gcc/13.3.1-1.1.1/.content/bin/../lib/gcc/arm-none-eabi/13.3.1/thumb/v7e-m+fp/hard/crtbegin.o
 *fill*         0x2000005d        0x3 
 .bss.object.0  0x20000060       0x18 C:/Users/valer/AppData/Roaming/Code/User/globalStorage/bmd.stm32-for-vscode/@xpack-dev-tools/arm-none-eabi-gcc/13.3.1-1.1.1/.content/bin/../lib/gcc/arm-none-eabi/13.3.1/thumb/v7e-m+fp/hard/crtbegin.o
 .bss.msg       0x20000078       0x14 build/debug/Core/Src/fsm_controller.o
                0x20000078                msg
 .bss.hall_sensor_time
                0x2000008c        0x4 build/debug/Core/Src/fsm_controller.o
                0x2000008c                hall_sensor_time
 .bss.adcFilter
                0x20000090      0x260 build/debug/Core/Src/fsm_controller.o
                0x20000090                adcFilter
 .bss.fsm       0x200002f0        0x1 build/debug/Core/Src/main.o
                0x200002f0                fsm
 *fill*         0x200002f1        0x3 
 .bss.adc_value
                0x200002f4        0x4 build/debug/Core/Src/main.o
                0x200002f4                adc_value
 .bss.huart2    0x200002f8       0x48 build/debug/Core/Src/main.o
                0x200002f8                huart2
 .bss.htim3     0x20000340       0x48 build/debug/Core/Src/main.o
                0x20000340                htim3
 .bss.htim2     0x20000388       0x48 build/debug/Core/Src/main.o
                0x20000388                htim2
 .bss.hdma_adc1
                0x200003d0       0x60 build/debug/Core/Src/main.o
                0x200003d0                hdma_adc1
 .bss.hadc1     0x20000430       0x48 build/debug/Core/Src/main.o
                0x20000430                hadc1
 .bss.is_magnet_detected
                0x20000478        0x4 build/debug/Core/Src/stm32f4xx_it.o
                0x20000478                is_magnet_detected
 .bss.led_state
                0x2000047c        0x4 build/debug/Core/Src/stm32f4xx_it.o
                0x2000047c                led_state
 .bss.__sbrk_heap_end
                0x20000480        0x4 build/debug/Core/Src/sysmem.o
 .bss.uwTick    0x20000484        0x4 build/debug/Drivers/STM32F4xx_HAL_Driver/Src/stm32f4xx_hal.o
                0x20000484                uwTick
 .bss.__sf      0x20000488      0x138 C:/Users/valer/AppData/Roaming/Code/User/globalStorage/bmd.stm32-for-vscode/@xpack-dev-tools/arm-none-eabi-gcc/13.3.1-1.1.1/.content/bin/../lib/gcc/arm-none-eabi/13.3.1/../../../../arm-none-eabi/lib/thumb/v7e-m+fp/hard\libc_nano.a(libc_a-findfp.o)
                0x20000488                __sf
 .bss.errno     0x200005c0        0x4 C:/Users/valer/AppData/Roaming/Code/User/globalStorage/bmd.stm32-for-vscode/@xpack-dev-tools/arm-none-eabi-gcc/13.3.1-1.1.1/.content/bin/../lib/gcc/arm-none-eabi/13.3.1/../../../../arm-none-eabi/lib/thumb/v7e-m+fp/hard\libc_nano.a(libc_a-reent.o)
                0x200005c0                errno
 .bss.__lock___malloc_recursive_mutex
                0x200005c4        0x1 C:/Users/valer/AppData/Roaming/Code/User/globalStorage/bmd.stm32-for-vscode/@xpack-dev-tools/arm-none-eabi-gcc/13.3.1-1.1.1/.content/bin/../lib/gcc/arm-none-eabi/13.3.1/../../../../arm-none-eabi/lib/thumb/v7e-m+fp/hard\libc_nano.a(libc_a-lock.o)
                0x200005c4                __lock___malloc_recursive_mutex
 *fill*         0x200005c5        0x3 
 .bss.__malloc_sbrk_start
                0x200005c8        0x4 C:/Users/valer/AppData/Roaming/Code/User/globalStorage/bmd.stm32-for-vscode/@xpack-dev-tools/arm-none-eabi-gcc/13.3.1-1.1.1/.content/bin/../lib/gcc/arm-none-eabi/13.3.1/../../../../arm-none-eabi/lib/thumb/v7e-m+fp/hard\libc_nano.a(libc_a-mallocr.o)
                0x200005c8                __malloc_sbrk_start
 .bss.__malloc_free_list
                0x200005cc        0x4 C:/Users/valer/AppData/Roaming/Code/User/globalStorage/bmd.stm32-for-vscode/@xpack-dev-tools/arm-none-eabi-gcc/13.3.1-1.1.1/.content/bin/../lib/gcc/arm-none-eabi/13.3.1/../../../../arm-none-eabi/lib/thumb/v7e-m+fp/hard\libc_nano.a(libc_a-mallocr.o)
                0x200005cc                __malloc_free_list
 *(COMMON)
                0x200005d0                        . = ALIGN (0x4)
                0x200005d0                        _ebss = .
                0x200005d0                        __bss_end__ = _ebss

._user_heap_stack
                0x200005d0      0x600 load address 0x080035bc
                0x200005d0                        . = ALIGN (0x8)
                [!provide]                        PROVIDE (end = .)
                0x200005d0                        PROVIDE (_end = .)
                0x200007d0                        . = (. + _Min_Heap_Size)
 *fill*         0x200005d0      0x200 
                0x20000bd0                        . = (. + _Min_Stack_Size)
 *fill*         0x200007d0      0x400 
                0x20000bd0                        . = ALIGN (0x8)

/DISCARD/
 libc.a(*)
 libm.a(*)
 libgcc.a(*)
OUTPUT(build/EmbeddedProgTest.elf elf32-littlearm)
LOAD linker stubs
LOAD C:/Users/valer/AppData/Roaming/Code/User/globalStorage/bmd.stm32-for-vscode/@xpack-dev-tools/arm-none-eabi-gcc/13.3.1-1.1.1/.content/bin/../lib/gcc/arm-none-eabi/13.3.1/../../../../arm-none-eabi/lib/thumb/v7e-m+fp/hard\libc.a
LOAD C:/Users/valer/AppData/Roaming/Code/User/globalStorage/bmd.stm32-for-vscode/@xpack-dev-tools/arm-none-eabi-gcc/13.3.1-1.1.1/.content/bin/../lib/gcc/arm-none-eabi/13.3.1/../../../../arm-none-eabi/lib/thumb/v7e-m+fp/hard\libm.a
LOAD C:/Users/valer/AppData/Roaming/Code/User/globalStorage/bmd.stm32-for-vscode/@xpack-dev-tools/arm-none-eabi-gcc/13.3.1-1.1.1/.content/bin/../lib/gcc/arm-none-eabi/13.3.1/thumb/v7e-m+fp/hard\libgcc.a

.ARM.attributes
                0x00000000       0x30
 .ARM.attributes
                0x00000000       0x22 C:/Users/valer/AppData/Roaming/Code/User/globalStorage/bmd.stm32-for-vscode/@xpack-dev-tools/arm-none-eabi-gcc/13.3.1-1.1.1/.content/bin/../lib/gcc/arm-none-eabi/13.3.1/thumb/v7e-m+fp/hard/crti.o
 .ARM.attributes
                0x00000022       0x34 C:/Users/valer/AppData/Roaming/Code/User/globalStorage/bmd.stm32-for-vscode/@xpack-dev-tools/arm-none-eabi-gcc/13.3.1-1.1.1/.content/bin/../lib/gcc/arm-none-eabi/13.3.1/thumb/v7e-m+fp/hard/crtbegin.o
 .ARM.attributes
                0x00000056       0x34 build/debug/Core/Src/analog_filter.o
 .ARM.attributes
                0x0000008a       0x34 build/debug/Core/Src/fsm_controller.o
 .ARM.attributes
                0x000000be       0x34 build/debug/Core/Src/main.o
 .ARM.attributes
                0x000000f2       0x34 build/debug/Core/Src/stm32f4xx_hal_msp.o
 .ARM.attributes
                0x00000126       0x34 build/debug/Core/Src/stm32f4xx_it.o
 .ARM.attributes
                0x0000015a       0x34 build/debug/Core/Src/sysmem.o
 .ARM.attributes
                0x0000018e       0x34 build/debug/Core/Src/system_stm32f4xx.o
 .ARM.attributes
                0x000001c2       0x34 build/debug/Drivers/STM32F4xx_HAL_Driver/Src/stm32f4xx_hal.o
 .ARM.attributes
                0x000001f6       0x34 build/debug/Drivers/STM32F4xx_HAL_Driver/Src/stm32f4xx_hal_adc.o
 .ARM.attributes
                0x0000022a       0x34 build/debug/Drivers/STM32F4xx_HAL_Driver/Src/stm32f4xx_hal_cortex.o
 .ARM.attributes
                0x0000025e       0x34 build/debug/Drivers/STM32F4xx_HAL_Driver/Src/stm32f4xx_hal_dma.o
 .ARM.attributes
                0x00000292       0x34 build/debug/Drivers/STM32F4xx_HAL_Driver/Src/stm32f4xx_hal_gpio.o
 .ARM.attributes
                0x000002c6       0x34 build/debug/Drivers/STM32F4xx_HAL_Driver/Src/stm32f4xx_hal_rcc.o
 .ARM.attributes
                0x000002fa       0x34 build/debug/Drivers/STM32F4xx_HAL_Driver/Src/stm32f4xx_hal_rcc_ex.o
 .ARM.attributes
                0x0000032e       0x34 build/debug/Drivers/STM32F4xx_HAL_Driver/Src/stm32f4xx_hal_tim.o
 .ARM.attributes
                0x00000362       0x34 build/debug/Drivers/STM32F4xx_HAL_Driver/Src/stm32f4xx_hal_tim_ex.o
 .ARM.attributes
                0x00000396       0x34 build/debug/Drivers/STM32F4xx_HAL_Driver/Src/stm32f4xx_hal_uart.o
 .ARM.attributes
                0x000003ca       0x21 build/debug/startup_stm32f446xx.o
 .ARM.attributes
                0x000003eb       0x34 C:/Users/valer/AppData/Roaming/Code/User/globalStorage/bmd.stm32-for-vscode/@xpack-dev-tools/arm-none-eabi-gcc/13.3.1-1.1.1/.content/bin/../lib/gcc/arm-none-eabi/13.3.1/../../../../arm-none-eabi/lib/thumb/v7e-m+fp/hard\libc_nano.a(libc_a-findfp.o)
 .ARM.attributes
                0x0000041f       0x34 C:/Users/valer/AppData/Roaming/Code/User/globalStorage/bmd.stm32-for-vscode/@xpack-dev-tools/arm-none-eabi-gcc/13.3.1-1.1.1/.content/bin/../lib/gcc/arm-none-eabi/13.3.1/../../../../arm-none-eabi/lib/thumb/v7e-m+fp/hard\libc_nano.a(libc_a-sprintf.o)
 .ARM.attributes
                0x00000453       0x34 C:/Users/valer/AppData/Roaming/Code/User/globalStorage/bmd.stm32-for-vscode/@xpack-dev-tools/arm-none-eabi-gcc/13.3.1-1.1.1/.content/bin/../lib/gcc/arm-none-eabi/13.3.1/../../../../arm-none-eabi/lib/thumb/v7e-m+fp/hard\libc_nano.a(libc_a-memset.o)
 .ARM.attributes
                0x00000487       0x34 C:/Users/valer/AppData/Roaming/Code/User/globalStorage/bmd.stm32-for-vscode/@xpack-dev-tools/arm-none-eabi-gcc/13.3.1-1.1.1/.content/bin/../lib/gcc/arm-none-eabi/13.3.1/../../../../arm-none-eabi/lib/thumb/v7e-m+fp/hard\libc_nano.a(libc_a-reent.o)
 .ARM.attributes
                0x000004bb       0x34 C:/Users/valer/AppData/Roaming/Code/User/globalStorage/bmd.stm32-for-vscode/@xpack-dev-tools/arm-none-eabi-gcc/13.3.1-1.1.1/.content/bin/../lib/gcc/arm-none-eabi/13.3.1/../../../../arm-none-eabi/lib/thumb/v7e-m+fp/hard\libc_nano.a(libc_a-impure.o)
 .ARM.attributes
                0x000004ef       0x34 C:/Users/valer/AppData/Roaming/Code/User/globalStorage/bmd.stm32-for-vscode/@xpack-dev-tools/arm-none-eabi-gcc/13.3.1-1.1.1/.content/bin/../lib/gcc/arm-none-eabi/13.3.1/../../../../arm-none-eabi/lib/thumb/v7e-m+fp/hard\libc_nano.a(libc_a-errno.o)
 .ARM.attributes
                0x00000523       0x34 C:/Users/valer/AppData/Roaming/Code/User/globalStorage/bmd.stm32-for-vscode/@xpack-dev-tools/arm-none-eabi-gcc/13.3.1-1.1.1/.content/bin/../lib/gcc/arm-none-eabi/13.3.1/../../../../arm-none-eabi/lib/thumb/v7e-m+fp/hard\libc_nano.a(libc_a-init.o)
 .ARM.attributes
                0x00000557       0x34 C:/Users/valer/AppData/Roaming/Code/User/globalStorage/bmd.stm32-for-vscode/@xpack-dev-tools/arm-none-eabi-gcc/13.3.1-1.1.1/.content/bin/../lib/gcc/arm-none-eabi/13.3.1/../../../../arm-none-eabi/lib/thumb/v7e-m+fp/hard\libc_nano.a(libc_a-lock.o)
 .ARM.attributes
                0x0000058b       0x17 C:/Users/valer/AppData/Roaming/Code/User/globalStorage/bmd.stm32-for-vscode/@xpack-dev-tools/arm-none-eabi-gcc/13.3.1-1.1.1/.content/bin/../lib/gcc/arm-none-eabi/13.3.1/../../../../arm-none-eabi/lib/thumb/v7e-m+fp/hard\libc_nano.a(libc_a-strlen.o)
 .ARM.attributes
                0x000005a2       0x34 C:/Users/valer/AppData/Roaming/Code/User/globalStorage/bmd.stm32-for-vscode/@xpack-dev-tools/arm-none-eabi-gcc/13.3.1-1.1.1/.content/bin/../lib/gcc/arm-none-eabi/13.3.1/../../../../arm-none-eabi/lib/thumb/v7e-m+fp/hard\libc_nano.a(libc_a-freer.o)
 .ARM.attributes
                0x000005d6       0x34 C:/Users/valer/AppData/Roaming/Code/User/globalStorage/bmd.stm32-for-vscode/@xpack-dev-tools/arm-none-eabi-gcc/13.3.1-1.1.1/.content/bin/../lib/gcc/arm-none-eabi/13.3.1/../../../../arm-none-eabi/lib/thumb/v7e-m+fp/hard\libc_nano.a(libc_a-mallocr.o)
 .ARM.attributes
                0x0000060a       0x34 C:/Users/valer/AppData/Roaming/Code/User/globalStorage/bmd.stm32-for-vscode/@xpack-dev-tools/arm-none-eabi-gcc/13.3.1-1.1.1/.content/bin/../lib/gcc/arm-none-eabi/13.3.1/../../../../arm-none-eabi/lib/thumb/v7e-m+fp/hard\libc_nano.a(libc_a-mlock.o)
 .ARM.attributes
                0x0000063e       0x34 C:/Users/valer/AppData/Roaming/Code/User/globalStorage/bmd.stm32-for-vscode/@xpack-dev-tools/arm-none-eabi-gcc/13.3.1-1.1.1/.content/bin/../lib/gcc/arm-none-eabi/13.3.1/../../../../arm-none-eabi/lib/thumb/v7e-m+fp/hard\libc_nano.a(libc_a-nano-svfprintf.o)
 .ARM.attributes
                0x00000672       0x34 C:/Users/valer/AppData/Roaming/Code/User/globalStorage/bmd.stm32-for-vscode/@xpack-dev-tools/arm-none-eabi-gcc/13.3.1-1.1.1/.content/bin/../lib/gcc/arm-none-eabi/13.3.1/../../../../arm-none-eabi/lib/thumb/v7e-m+fp/hard\libc_nano.a(libc_a-nano-vfprintf_i.o)
 .ARM.attributes
                0x000006a6       0x34 C:/Users/valer/AppData/Roaming/Code/User/globalStorage/bmd.stm32-for-vscode/@xpack-dev-tools/arm-none-eabi-gcc/13.3.1-1.1.1/.content/bin/../lib/gcc/arm-none-eabi/13.3.1/../../../../arm-none-eabi/lib/thumb/v7e-m+fp/hard\libc_nano.a(libc_a-memmove.o)
 .ARM.attributes
                0x000006da       0x34 C:/Users/valer/AppData/Roaming/Code/User/globalStorage/bmd.stm32-for-vscode/@xpack-dev-tools/arm-none-eabi-gcc/13.3.1-1.1.1/.content/bin/../lib/gcc/arm-none-eabi/13.3.1/../../../../arm-none-eabi/lib/thumb/v7e-m+fp/hard\libc_nano.a(libc_a-sbrkr.o)
 .ARM.attributes
                0x0000070e       0x1c C:/Users/valer/AppData/Roaming/Code/User/globalStorage/bmd.stm32-for-vscode/@xpack-dev-tools/arm-none-eabi-gcc/13.3.1-1.1.1/.content/bin/../lib/gcc/arm-none-eabi/13.3.1/../../../../arm-none-eabi/lib/thumb/v7e-m+fp/hard\libc_nano.a(libc_a-memchr.o)
 .ARM.attributes
                0x0000072a       0x34 C:/Users/valer/AppData/Roaming/Code/User/globalStorage/bmd.stm32-for-vscode/@xpack-dev-tools/arm-none-eabi-gcc/13.3.1-1.1.1/.content/bin/../lib/gcc/arm-none-eabi/13.3.1/../../../../arm-none-eabi/lib/thumb/v7e-m+fp/hard\libc_nano.a(libc_a-memcpy-stub.o)
 .ARM.attributes
                0x0000075e       0x34 C:/Users/valer/AppData/Roaming/Code/User/globalStorage/bmd.stm32-for-vscode/@xpack-dev-tools/arm-none-eabi-gcc/13.3.1-1.1.1/.content/bin/../lib/gcc/arm-none-eabi/13.3.1/../../../../arm-none-eabi/lib/thumb/v7e-m+fp/hard\libc_nano.a(libc_a-reallocr.o)
 .ARM.attributes
                0x00000792       0x34 C:/Users/valer/AppData/Roaming/Code/User/globalStorage/bmd.stm32-for-vscode/@xpack-dev-tools/arm-none-eabi-gcc/13.3.1-1.1.1/.content/bin/../lib/gcc/arm-none-eabi/13.3.1/../../../../arm-none-eabi/lib/thumb/v7e-m+fp/hard\libc_nano.a(libc_a-msizer.o)
 .ARM.attributes
                0x000007c6       0x22 C:/Users/valer/AppData/Roaming/Code/User/globalStorage/bmd.stm32-for-vscode/@xpack-dev-tools/arm-none-eabi-gcc/13.3.1-1.1.1/.content/bin/../lib/gcc/arm-none-eabi/13.3.1/thumb/v7e-m+fp/hard\libgcc.a(_aeabi_uldivmod.o)
 .ARM.attributes
                0x000007e8       0x34 C:/Users/valer/AppData/Roaming/Code/User/globalStorage/bmd.stm32-for-vscode/@xpack-dev-tools/arm-none-eabi-gcc/13.3.1-1.1.1/.content/bin/../lib/gcc/arm-none-eabi/13.3.1/thumb/v7e-m+fp/hard\libgcc.a(_udivmoddi4.o)
 .ARM.attributes
                0x0000081c       0x22 C:/Users/valer/AppData/Roaming/Code/User/globalStorage/bmd.stm32-for-vscode/@xpack-dev-tools/arm-none-eabi-gcc/13.3.1-1.1.1/.content/bin/../lib/gcc/arm-none-eabi/13.3.1/thumb/v7e-m+fp/hard\libgcc.a(_dvmd_tls.o)
 .ARM.attributes
                0x0000083e       0x22 C:/Users/valer/AppData/Roaming/Code/User/globalStorage/bmd.stm32-for-vscode/@xpack-dev-tools/arm-none-eabi-gcc/13.3.1-1.1.1/.content/bin/../lib/gcc/arm-none-eabi/13.3.1/thumb/v7e-m+fp/hard/crtn.o

.comment        0x00000000       0x39
 .comment       0x00000000       0x39 C:/Users/valer/AppData/Roaming/Code/User/globalStorage/bmd.stm32-for-vscode/@xpack-dev-tools/arm-none-eabi-gcc/13.3.1-1.1.1/.content/bin/../lib/gcc/arm-none-eabi/13.3.1/thumb/v7e-m+fp/hard/crtbegin.o
                                 0x3a (size before relaxing)
 .comment       0x00000039       0x3a build/debug/Core/Src/analog_filter.o
 .comment       0x00000039       0x3a build/debug/Core/Src/fsm_controller.o
 .comment       0x00000039       0x3a build/debug/Core/Src/main.o
 .comment       0x00000039       0x3a build/debug/Core/Src/stm32f4xx_hal_msp.o
 .comment       0x00000039       0x3a build/debug/Core/Src/stm32f4xx_it.o
 .comment       0x00000039       0x3a build/debug/Core/Src/sysmem.o
 .comment       0x00000039       0x3a build/debug/Core/Src/system_stm32f4xx.o
 .comment       0x00000039       0x3a build/debug/Drivers/STM32F4xx_HAL_Driver/Src/stm32f4xx_hal.o
 .comment       0x00000039       0x3a build/debug/Drivers/STM32F4xx_HAL_Driver/Src/stm32f4xx_hal_adc.o
 .comment       0x00000039       0x3a build/debug/Drivers/STM32F4xx_HAL_Driver/Src/stm32f4xx_hal_cortex.o
 .comment       0x00000039       0x3a build/debug/Drivers/STM32F4xx_HAL_Driver/Src/stm32f4xx_hal_dma.o
 .comment       0x00000039       0x3a build/debug/Drivers/STM32F4xx_HAL_Driver/Src/stm32f4xx_hal_gpio.o
 .comment       0x00000039       0x3a build/debug/Drivers/STM32F4xx_HAL_Driver/Src/stm32f4xx_hal_rcc.o
 .comment       0x00000039       0x3a build/debug/Drivers/STM32F4xx_HAL_Driver/Src/stm32f4xx_hal_rcc_ex.o
 .comment       0x00000039       0x3a build/debug/Drivers/STM32F4xx_HAL_Driver/Src/stm32f4xx_hal_tim.o
 .comment       0x00000039       0x3a build/debug/Drivers/STM32F4xx_HAL_Driver/Src/stm32f4xx_hal_tim_ex.o
 .comment       0x00000039       0x3a build/debug/Drivers/STM32F4xx_HAL_Driver/Src/stm32f4xx_hal_uart.o
 .comment       0x00000039       0x3a C:/Users/valer/AppData/Roaming/Code/User/globalStorage/bmd.stm32-for-vscode/@xpack-dev-tools/arm-none-eabi-gcc/13.3.1-1.1.1/.content/bin/../lib/gcc/arm-none-eabi/13.3.1/../../../../arm-none-eabi/lib/thumb/v7e-m+fp/hard\libc_nano.a(libc_a-findfp.o)
 .comment       0x00000039       0x3a C:/Users/valer/AppData/Roaming/Code/User/globalStorage/bmd.stm32-for-vscode/@xpack-dev-tools/arm-none-eabi-gcc/13.3.1-1.1.1/.content/bin/../lib/gcc/arm-none-eabi/13.3.1/../../../../arm-none-eabi/lib/thumb/v7e-m+fp/hard\libc_nano.a(libc_a-sprintf.o)
 .comment       0x00000039       0x3a C:/Users/valer/AppData/Roaming/Code/User/globalStorage/bmd.stm32-for-vscode/@xpack-dev-tools/arm-none-eabi-gcc/13.3.1-1.1.1/.content/bin/../lib/gcc/arm-none-eabi/13.3.1/../../../../arm-none-eabi/lib/thumb/v7e-m+fp/hard\libc_nano.a(libc_a-memset.o)
 .comment       0x00000039       0x3a C:/Users/valer/AppData/Roaming/Code/User/globalStorage/bmd.stm32-for-vscode/@xpack-dev-tools/arm-none-eabi-gcc/13.3.1-1.1.1/.content/bin/../lib/gcc/arm-none-eabi/13.3.1/../../../../arm-none-eabi/lib/thumb/v7e-m+fp/hard\libc_nano.a(libc_a-reent.o)
 .comment       0x00000039       0x3a C:/Users/valer/AppData/Roaming/Code/User/globalStorage/bmd.stm32-for-vscode/@xpack-dev-tools/arm-none-eabi-gcc/13.3.1-1.1.1/.content/bin/../lib/gcc/arm-none-eabi/13.3.1/../../../../arm-none-eabi/lib/thumb/v7e-m+fp/hard\libc_nano.a(libc_a-impure.o)
 .comment       0x00000039       0x3a C:/Users/valer/AppData/Roaming/Code/User/globalStorage/bmd.stm32-for-vscode/@xpack-dev-tools/arm-none-eabi-gcc/13.3.1-1.1.1/.content/bin/../lib/gcc/arm-none-eabi/13.3.1/../../../../arm-none-eabi/lib/thumb/v7e-m+fp/hard\libc_nano.a(libc_a-errno.o)
 .comment       0x00000039       0x3a C:/Users/valer/AppData/Roaming/Code/User/globalStorage/bmd.stm32-for-vscode/@xpack-dev-tools/arm-none-eabi-gcc/13.3.1-1.1.1/.content/bin/../lib/gcc/arm-none-eabi/13.3.1/../../../../arm-none-eabi/lib/thumb/v7e-m+fp/hard\libc_nano.a(libc_a-init.o)
 .comment       0x00000039       0x3a C:/Users/valer/AppData/Roaming/Code/User/globalStorage/bmd.stm32-for-vscode/@xpack-dev-tools/arm-none-eabi-gcc/13.3.1-1.1.1/.content/bin/../lib/gcc/arm-none-eabi/13.3.1/../../../../arm-none-eabi/lib/thumb/v7e-m+fp/hard\libc_nano.a(libc_a-lock.o)
 .comment       0x00000039       0x3a C:/Users/valer/AppData/Roaming/Code/User/globalStorage/bmd.stm32-for-vscode/@xpack-dev-tools/arm-none-eabi-gcc/13.3.1-1.1.1/.content/bin/../lib/gcc/arm-none-eabi/13.3.1/../../../../arm-none-eabi/lib/thumb/v7e-m+fp/hard\libc_nano.a(libc_a-freer.o)
 .comment       0x00000039       0x3a C:/Users/valer/AppData/Roaming/Code/User/globalStorage/bmd.stm32-for-vscode/@xpack-dev-tools/arm-none-eabi-gcc/13.3.1-1.1.1/.content/bin/../lib/gcc/arm-none-eabi/13.3.1/../../../../arm-none-eabi/lib/thumb/v7e-m+fp/hard\libc_nano.a(libc_a-mallocr.o)
 .comment       0x00000039       0x3a C:/Users/valer/AppData/Roaming/Code/User/globalStorage/bmd.stm32-for-vscode/@xpack-dev-tools/arm-none-eabi-gcc/13.3.1-1.1.1/.content/bin/../lib/gcc/arm-none-eabi/13.3.1/../../../../arm-none-eabi/lib/thumb/v7e-m+fp/hard\libc_nano.a(libc_a-mlock.o)
 .comment       0x00000039       0x3a C:/Users/valer/AppData/Roaming/Code/User/globalStorage/bmd.stm32-for-vscode/@xpack-dev-tools/arm-none-eabi-gcc/13.3.1-1.1.1/.content/bin/../lib/gcc/arm-none-eabi/13.3.1/../../../../arm-none-eabi/lib/thumb/v7e-m+fp/hard\libc_nano.a(libc_a-nano-svfprintf.o)
 .comment       0x00000039       0x3a C:/Users/valer/AppData/Roaming/Code/User/globalStorage/bmd.stm32-for-vscode/@xpack-dev-tools/arm-none-eabi-gcc/13.3.1-1.1.1/.content/bin/../lib/gcc/arm-none-eabi/13.3.1/../../../../arm-none-eabi/lib/thumb/v7e-m+fp/hard\libc_nano.a(libc_a-nano-vfprintf_i.o)
 .comment       0x00000039       0x3a C:/Users/valer/AppData/Roaming/Code/User/globalStorage/bmd.stm32-for-vscode/@xpack-dev-tools/arm-none-eabi-gcc/13.3.1-1.1.1/.content/bin/../lib/gcc/arm-none-eabi/13.3.1/../../../../arm-none-eabi/lib/thumb/v7e-m+fp/hard\libc_nano.a(libc_a-memmove.o)
 .comment       0x00000039       0x3a C:/Users/valer/AppData/Roaming/Code/User/globalStorage/bmd.stm32-for-vscode/@xpack-dev-tools/arm-none-eabi-gcc/13.3.1-1.1.1/.content/bin/../lib/gcc/arm-none-eabi/13.3.1/../../../../arm-none-eabi/lib/thumb/v7e-m+fp/hard\libc_nano.a(libc_a-sbrkr.o)
 .comment       0x00000039       0x3a C:/Users/valer/AppData/Roaming/Code/User/globalStorage/bmd.stm32-for-vscode/@xpack-dev-tools/arm-none-eabi-gcc/13.3.1-1.1.1/.content/bin/../lib/gcc/arm-none-eabi/13.3.1/../../../../arm-none-eabi/lib/thumb/v7e-m+fp/hard\libc_nano.a(libc_a-memcpy-stub.o)
 .comment       0x00000039       0x3a C:/Users/valer/AppData/Roaming/Code/User/globalStorage/bmd.stm32-for-vscode/@xpack-dev-tools/arm-none-eabi-gcc/13.3.1-1.1.1/.content/bin/../lib/gcc/arm-none-eabi/13.3.1/../../../../arm-none-eabi/lib/thumb/v7e-m+fp/hard\libc_nano.a(libc_a-reallocr.o)
 .comment       0x00000039       0x3a C:/Users/valer/AppData/Roaming/Code/User/globalStorage/bmd.stm32-for-vscode/@xpack-dev-tools/arm-none-eabi-gcc/13.3.1-1.1.1/.content/bin/../lib/gcc/arm-none-eabi/13.3.1/../../../../arm-none-eabi/lib/thumb/v7e-m+fp/hard\libc_nano.a(libc_a-msizer.o)
 .comment       0x00000039       0x3a C:/Users/valer/AppData/Roaming/Code/User/globalStorage/bmd.stm32-for-vscode/@xpack-dev-tools/arm-none-eabi-gcc/13.3.1-1.1.1/.content/bin/../lib/gcc/arm-none-eabi/13.3.1/thumb/v7e-m+fp/hard\libgcc.a(_udivmoddi4.o)

.debug_info     0x00000000    0x14ad1
 .debug_info    0x00000000      0x1cb build/debug/Core/Src/analog_filter.o
 .debug_info    0x000001cb     0x1409 build/debug/Core/Src/fsm_controller.o
 .debug_info    0x000015d4     0x1b82 build/debug/Core/Src/main.o
 .debug_info    0x00003156     0x144e build/debug/Core/Src/stm32f4xx_hal_msp.o
 .debug_info    0x000045a4      0xda1 build/debug/Core/Src/stm32f4xx_it.o
 .debug_info    0x00005345      0x171 build/debug/Core/Src/sysmem.o
 .debug_info    0x000054b6      0x55f build/debug/Core/Src/system_stm32f4xx.o
 .debug_info    0x00005a15      0xa38 build/debug/Drivers/STM32F4xx_HAL_Driver/Src/stm32f4xx_hal.o
 .debug_info    0x0000644d      0xe82 build/debug/Drivers/STM32F4xx_HAL_Driver/Src/stm32f4xx_hal_adc.o
 .debug_info    0x000072cf     0x1013 build/debug/Drivers/STM32F4xx_HAL_Driver/Src/stm32f4xx_hal_cortex.o
 .debug_info    0x000082e2      0xad9 build/debug/Drivers/STM32F4xx_HAL_Driver/Src/stm32f4xx_hal_dma.o
 .debug_info    0x00008dbb      0x74c build/debug/Drivers/STM32F4xx_HAL_Driver/Src/stm32f4xx_hal_gpio.o
 .debug_info    0x00009507      0xaa9 build/debug/Drivers/STM32F4xx_HAL_Driver/Src/stm32f4xx_hal_rcc.o
 .debug_info    0x00009fb0      0xc4f build/debug/Drivers/STM32F4xx_HAL_Driver/Src/stm32f4xx_hal_rcc_ex.o
 .debug_info    0x0000abff     0x3c53 build/debug/Drivers/STM32F4xx_HAL_Driver/Src/stm32f4xx_hal_tim.o
 .debug_info    0x0000e852     0x1aec build/debug/Drivers/STM32F4xx_HAL_Driver/Src/stm32f4xx_hal_tim_ex.o
 .debug_info    0x0001033e     0x4000 build/debug/Drivers/STM32F4xx_HAL_Driver/Src/stm32f4xx_hal_uart.o
 .debug_info    0x0001433e       0x30 build/debug/startup_stm32f446xx.o
 .debug_info    0x0001436e       0x24 C:/Users/valer/AppData/Roaming/Code/User/globalStorage/bmd.stm32-for-vscode/@xpack-dev-tools/arm-none-eabi-gcc/13.3.1-1.1.1/.content/bin/../lib/gcc/arm-none-eabi/13.3.1/thumb/v7e-m+fp/hard\libgcc.a(_aeabi_uldivmod.o)
 .debug_info    0x00014392      0x703 C:/Users/valer/AppData/Roaming/Code/User/globalStorage/bmd.stm32-for-vscode/@xpack-dev-tools/arm-none-eabi-gcc/13.3.1-1.1.1/.content/bin/../lib/gcc/arm-none-eabi/13.3.1/thumb/v7e-m+fp/hard\libgcc.a(_udivmoddi4.o)
 .debug_info    0x00014a95       0x3c C:/Users/valer/AppData/Roaming/Code/User/globalStorage/bmd.stm32-for-vscode/@xpack-dev-tools/arm-none-eabi-gcc/13.3.1-1.1.1/.content/bin/../lib/gcc/arm-none-eabi/13.3.1/thumb/v7e-m+fp/hard\libgcc.a(_dvmd_tls.o)

.debug_abbrev   0x00000000     0x29ce
 .debug_abbrev  0x00000000      0x12d build/debug/Core/Src/analog_filter.o
 .debug_abbrev  0x0000012d      0x2c3 build/debug/Core/Src/fsm_controller.o
 .debug_abbrev  0x000003f0      0x302 build/debug/Core/Src/main.o
 .debug_abbrev  0x000006f2      0x27d build/debug/Core/Src/stm32f4xx_hal_msp.o
 .debug_abbrev  0x0000096f      0x25f build/debug/Core/Src/stm32f4xx_it.o
 .debug_abbrev  0x00000bce       0xea build/debug/Core/Src/sysmem.o
 .debug_abbrev  0x00000cb8      0x11e build/debug/Core/Src/system_stm32f4xx.o
 .debug_abbrev  0x00000dd6      0x240 build/debug/Drivers/STM32F4xx_HAL_Driver/Src/stm32f4xx_hal.o
 .debug_abbrev  0x00001016      0x278 build/debug/Drivers/STM32F4xx_HAL_Driver/Src/stm32f4xx_hal_adc.o
 .debug_abbrev  0x0000128e      0x391 build/debug/Drivers/STM32F4xx_HAL_Driver/Src/stm32f4xx_hal_cortex.o
 .debug_abbrev  0x0000161f      0x2c0 build/debug/Drivers/STM32F4xx_HAL_Driver/Src/stm32f4xx_hal_dma.o
 .debug_abbrev  0x000018df      0x202 build/debug/Drivers/STM32F4xx_HAL_Driver/Src/stm32f4xx_hal_gpio.o
 .debug_abbrev  0x00001ae1      0x2c7 build/debug/Drivers/STM32F4xx_HAL_Driver/Src/stm32f4xx_hal_rcc.o
 .debug_abbrev  0x00001da8      0x24f build/debug/Drivers/STM32F4xx_HAL_Driver/Src/stm32f4xx_hal_rcc_ex.o
 .debug_abbrev  0x00001ff7      0x271 build/debug/Drivers/STM32F4xx_HAL_Driver/Src/stm32f4xx_hal_tim.o
 .debug_abbrev  0x00002268      0x26f build/debug/Drivers/STM32F4xx_HAL_Driver/Src/stm32f4xx_hal_tim_ex.o
 .debug_abbrev  0x000024d7      0x32f build/debug/Drivers/STM32F4xx_HAL_Driver/Src/stm32f4xx_hal_uart.o
 .debug_abbrev  0x00002806       0x24 build/debug/startup_stm32f446xx.o
 .debug_abbrev  0x0000282a       0x14 C:/Users/valer/AppData/Roaming/Code/User/globalStorage/bmd.stm32-for-vscode/@xpack-dev-tools/arm-none-eabi-gcc/13.3.1-1.1.1/.content/bin/../lib/gcc/arm-none-eabi/13.3.1/thumb/v7e-m+fp/hard\libgcc.a(_aeabi_uldivmod.o)
 .debug_abbrev  0x0000283e      0x16a C:/Users/valer/AppData/Roaming/Code/User/globalStorage/bmd.stm32-for-vscode/@xpack-dev-tools/arm-none-eabi-gcc/13.3.1-1.1.1/.content/bin/../lib/gcc/arm-none-eabi/13.3.1/thumb/v7e-m+fp/hard\libgcc.a(_udivmoddi4.o)
 .debug_abbrev  0x000029a8       0x26 C:/Users/valer/AppData/Roaming/Code/User/globalStorage/bmd.stm32-for-vscode/@xpack-dev-tools/arm-none-eabi-gcc/13.3.1-1.1.1/.content/bin/../lib/gcc/arm-none-eabi/13.3.1/thumb/v7e-m+fp/hard\libgcc.a(_dvmd_tls.o)

.debug_loclists
                0x00000000     0xb007
 .debug_loclists
                0x00000000       0x75 build/debug/Core/Src/analog_filter.o
 .debug_loclists
                0x00000075      0x120 build/debug/Core/Src/fsm_controller.o
 .debug_loclists
                0x00000195       0x30 build/debug/Core/Src/main.o
 .debug_loclists
                0x000001c5      0x15a build/debug/Core/Src/stm32f4xx_hal_msp.o
 .debug_loclists
                0x0000031f       0x52 build/debug/Core/Src/sysmem.o
 .debug_loclists
                0x00000371       0xfa build/debug/Core/Src/system_stm32f4xx.o
 .debug_loclists
                0x0000046b       0xe1 build/debug/Drivers/STM32F4xx_HAL_Driver/Src/stm32f4xx_hal.o
 .debug_loclists
                0x0000054c      0x920 build/debug/Drivers/STM32F4xx_HAL_Driver/Src/stm32f4xx_hal_adc.o
 .debug_loclists
                0x00000e6c      0x54d build/debug/Drivers/STM32F4xx_HAL_Driver/Src/stm32f4xx_hal_cortex.o
 .debug_loclists
                0x000013b9      0x88a build/debug/Drivers/STM32F4xx_HAL_Driver/Src/stm32f4xx_hal_dma.o
 .debug_loclists
                0x00001c43      0x386 build/debug/Drivers/STM32F4xx_HAL_Driver/Src/stm32f4xx_hal_gpio.o
 .debug_loclists
                0x00001fc9      0x3e5 build/debug/Drivers/STM32F4xx_HAL_Driver/Src/stm32f4xx_hal_rcc.o
 .debug_loclists
                0x000023ae      0xa25 build/debug/Drivers/STM32F4xx_HAL_Driver/Src/stm32f4xx_hal_rcc_ex.o
 .debug_loclists
                0x00002dd3     0x37aa build/debug/Drivers/STM32F4xx_HAL_Driver/Src/stm32f4xx_hal_tim.o
 .debug_loclists
                0x0000657d     0x13ec build/debug/Drivers/STM32F4xx_HAL_Driver/Src/stm32f4xx_hal_tim_ex.o
 .debug_loclists
                0x00007969     0x2c89 build/debug/Drivers/STM32F4xx_HAL_Driver/Src/stm32f4xx_hal_uart.o
 .debug_loclists
                0x0000a5f2      0xa15 C:/Users/valer/AppData/Roaming/Code/User/globalStorage/bmd.stm32-for-vscode/@xpack-dev-tools/arm-none-eabi-gcc/13.3.1-1.1.1/.content/bin/../lib/gcc/arm-none-eabi/13.3.1/thumb/v7e-m+fp/hard\libgcc.a(_udivmoddi4.o)

.debug_aranges  0x00000000      0xe70
 .debug_aranges
                0x00000000       0x28 build/debug/Core/Src/analog_filter.o
 .debug_aranges
                0x00000028       0x40 build/debug/Core/Src/fsm_controller.o
 .debug_aranges
                0x00000068       0x68 build/debug/Core/Src/main.o
 .debug_aranges
                0x000000d0       0x50 build/debug/Core/Src/stm32f4xx_hal_msp.o
 .debug_aranges
                0x00000120       0x88 build/debug/Core/Src/stm32f4xx_it.o
 .debug_aranges
                0x000001a8       0x20 build/debug/Core/Src/sysmem.o
 .debug_aranges
                0x000001c8       0x28 build/debug/Core/Src/system_stm32f4xx.o
 .debug_aranges
                0x000001f0       0xf0 build/debug/Drivers/STM32F4xx_HAL_Driver/Src/stm32f4xx_hal.o
 .debug_aranges
                0x000002e0       0xe8 build/debug/Drivers/STM32F4xx_HAL_Driver/Src/stm32f4xx_hal_adc.o
 .debug_aranges
                0x000003c8       0xf8 build/debug/Drivers/STM32F4xx_HAL_Driver/Src/stm32f4xx_hal_cortex.o
 .debug_aranges
                0x000004c0       0x90 build/debug/Drivers/STM32F4xx_HAL_Driver/Src/stm32f4xx_hal_dma.o
 .debug_aranges
                0x00000550       0x58 build/debug/Drivers/STM32F4xx_HAL_Driver/Src/stm32f4xx_hal_gpio.o
 .debug_aranges
                0x000005a8       0x88 build/debug/Drivers/STM32F4xx_HAL_Driver/Src/stm32f4xx_hal_rcc.o
 .debug_aranges
                0x00000630       0x78 build/debug/Drivers/STM32F4xx_HAL_Driver/Src/stm32f4xx_hal_rcc_ex.o
 .debug_aranges
                0x000006a8      0x3d0 build/debug/Drivers/STM32F4xx_HAL_Driver/Src/stm32f4xx_hal_tim.o
 .debug_aranges
                0x00000a78      0x168 build/debug/Drivers/STM32F4xx_HAL_Driver/Src/stm32f4xx_hal_tim_ex.o
 .debug_aranges
                0x00000be0      0x208 build/debug/Drivers/STM32F4xx_HAL_Driver/Src/stm32f4xx_hal_uart.o
 .debug_aranges
                0x00000de8       0x28 build/debug/startup_stm32f446xx.o
 .debug_aranges
                0x00000e10       0x20 C:/Users/valer/AppData/Roaming/Code/User/globalStorage/bmd.stm32-for-vscode/@xpack-dev-tools/arm-none-eabi-gcc/13.3.1-1.1.1/.content/bin/../lib/gcc/arm-none-eabi/13.3.1/thumb/v7e-m+fp/hard\libgcc.a(_aeabi_uldivmod.o)
 .debug_aranges
                0x00000e30       0x20 C:/Users/valer/AppData/Roaming/Code/User/globalStorage/bmd.stm32-for-vscode/@xpack-dev-tools/arm-none-eabi-gcc/13.3.1-1.1.1/.content/bin/../lib/gcc/arm-none-eabi/13.3.1/thumb/v7e-m+fp/hard\libgcc.a(_udivmoddi4.o)
 .debug_aranges
                0x00000e50       0x20 C:/Users/valer/AppData/Roaming/Code/User/globalStorage/bmd.stm32-for-vscode/@xpack-dev-tools/arm-none-eabi-gcc/13.3.1-1.1.1/.content/bin/../lib/gcc/arm-none-eabi/13.3.1/thumb/v7e-m+fp/hard\libgcc.a(_dvmd_tls.o)

.debug_rnglists
                0x00000000      0xb65
 .debug_rnglists
                0x00000000       0x19 build/debug/Core/Src/analog_filter.o
 .debug_rnglists
                0x00000019       0x2c build/debug/Core/Src/fsm_controller.o
 .debug_rnglists
                0x00000045       0x4b build/debug/Core/Src/main.o
 .debug_rnglists
                0x00000090       0x38 build/debug/Core/Src/stm32f4xx_hal_msp.o
 .debug_rnglists
                0x000000c8       0x61 build/debug/Core/Src/stm32f4xx_it.o
 .debug_rnglists
                0x00000129       0x13 build/debug/Core/Src/sysmem.o
 .debug_rnglists
                0x0000013c       0x1a build/debug/Core/Src/system_stm32f4xx.o
 .debug_rnglists
                0x00000156       0xaf build/debug/Drivers/STM32F4xx_HAL_Driver/Src/stm32f4xx_hal.o
 .debug_rnglists
                0x00000205       0xb0 build/debug/Drivers/STM32F4xx_HAL_Driver/Src/stm32f4xx_hal_adc.o
 .debug_rnglists
                0x000002b5       0xb5 build/debug/Drivers/STM32F4xx_HAL_Driver/Src/stm32f4xx_hal_cortex.o
 .debug_rnglists
                0x0000036a       0x6c build/debug/Drivers/STM32F4xx_HAL_Driver/Src/stm32f4xx_hal_dma.o
 .debug_rnglists
                0x000003d6       0x3f build/debug/Drivers/STM32F4xx_HAL_Driver/Src/stm32f4xx_hal_gpio.o
 .debug_rnglists
                0x00000415       0x75 build/debug/Drivers/STM32F4xx_HAL_Driver/Src/stm32f4xx_hal_rcc.o
 .debug_rnglists
                0x0000048a       0x6b build/debug/Drivers/STM32F4xx_HAL_Driver/Src/stm32f4xx_hal_rcc_ex.o
 .debug_rnglists
                0x000004f5      0x302 build/debug/Drivers/STM32F4xx_HAL_Driver/Src/stm32f4xx_hal_tim.o
 .debug_rnglists
                0x000007f7      0x11b build/debug/Drivers/STM32F4xx_HAL_Driver/Src/stm32f4xx_hal_tim_ex.o
 .debug_rnglists
                0x00000912      0x1a1 build/debug/Drivers/STM32F4xx_HAL_Driver/Src/stm32f4xx_hal_uart.o
 .debug_rnglists
                0x00000ab3       0x19 build/debug/startup_stm32f446xx.o
 .debug_rnglists
                0x00000acc       0x99 C:/Users/valer/AppData/Roaming/Code/User/globalStorage/bmd.stm32-for-vscode/@xpack-dev-tools/arm-none-eabi-gcc/13.3.1-1.1.1/.content/bin/../lib/gcc/arm-none-eabi/13.3.1/thumb/v7e-m+fp/hard\libgcc.a(_udivmoddi4.o)

.debug_line     0x00000000    0x11b32
 .debug_line    0x00000000      0x3c0 build/debug/Core/Src/analog_filter.o
 .debug_line    0x000003c0      0x5fa build/debug/Core/Src/fsm_controller.o
 .debug_line    0x000009ba      0x918 build/debug/Core/Src/main.o
 .debug_line    0x000012d2      0x4fe build/debug/Core/Src/stm32f4xx_hal_msp.o
 .debug_line    0x000017d0      0x5d3 build/debug/Core/Src/stm32f4xx_it.o
 .debug_line    0x00001da3      0x2bc build/debug/Core/Src/sysmem.o
 .debug_line    0x0000205f      0x2f6 build/debug/Core/Src/system_stm32f4xx.o
 .debug_line    0x00002355      0x60f build/debug/Drivers/STM32F4xx_HAL_Driver/Src/stm32f4xx_hal.o
 .debug_line    0x00002964     0x1167 build/debug/Drivers/STM32F4xx_HAL_Driver/Src/stm32f4xx_hal_adc.o
 .debug_line    0x00003acb      0x8d2 build/debug/Drivers/STM32F4xx_HAL_Driver/Src/stm32f4xx_hal_cortex.o
 .debug_line    0x0000439d      0xedb build/debug/Drivers/STM32F4xx_HAL_Driver/Src/stm32f4xx_hal_dma.o
 .debug_line    0x00005278      0x789 build/debug/Drivers/STM32F4xx_HAL_Driver/Src/stm32f4xx_hal_gpio.o
 .debug_line    0x00005a01      0xc6d build/debug/Drivers/STM32F4xx_HAL_Driver/Src/stm32f4xx_hal_rcc.o
 .debug_line    0x0000666e     0x151c build/debug/Drivers/STM32F4xx_HAL_Driver/Src/stm32f4xx_hal_rcc_ex.o
 .debug_line    0x00007b8a     0x4816 build/debug/Drivers/STM32F4xx_HAL_Driver/Src/stm32f4xx_hal_tim.o
 .debug_line    0x0000c3a0     0x1b5f build/debug/Drivers/STM32F4xx_HAL_Driver/Src/stm32f4xx_hal_tim_ex.o
 .debug_line    0x0000deff     0x3565 build/debug/Drivers/STM32F4xx_HAL_Driver/Src/stm32f4xx_hal_uart.o
 .debug_line    0x00011464       0x76 build/debug/startup_stm32f446xx.o
 .debug_line    0x000114da       0x4e C:/Users/valer/AppData/Roaming/Code/User/globalStorage/bmd.stm32-for-vscode/@xpack-dev-tools/arm-none-eabi-gcc/13.3.1-1.1.1/.content/bin/../lib/gcc/arm-none-eabi/13.3.1/thumb/v7e-m+fp/hard\libgcc.a(_aeabi_uldivmod.o)
 .debug_line    0x00011528      0x5c0 C:/Users/valer/AppData/Roaming/Code/User/globalStorage/bmd.stm32-for-vscode/@xpack-dev-tools/arm-none-eabi-gcc/13.3.1-1.1.1/.content/bin/../lib/gcc/arm-none-eabi/13.3.1/thumb/v7e-m+fp/hard\libgcc.a(_udivmoddi4.o)
 .debug_line    0x00011ae8       0x4a C:/Users/valer/AppData/Roaming/Code/User/globalStorage/bmd.stm32-for-vscode/@xpack-dev-tools/arm-none-eabi-gcc/13.3.1-1.1.1/.content/bin/../lib/gcc/arm-none-eabi/13.3.1/thumb/v7e-m+fp/hard\libgcc.a(_dvmd_tls.o)

.debug_str      0x00000000     0x4d79
 .debug_str     0x00000000     0x4d79 build/debug/Core/Src/analog_filter.o
                                0x21d (size before relaxing)
 .debug_str     0x00004d79      0xd3c build/debug/Core/Src/fsm_controller.o
 .debug_str     0x00004d79     0x15e2 build/debug/Core/Src/main.o
 .debug_str     0x00004d79     0x12ac build/debug/Core/Src/stm32f4xx_hal_msp.o
 .debug_str     0x00004d79      0xb8a build/debug/Core/Src/stm32f4xx_it.o
 .debug_str     0x00004d79      0x217 build/debug/Core/Src/sysmem.o
 .debug_str     0x00004d79      0x38c build/debug/Core/Src/system_stm32f4xx.o
 .debug_str     0x00004d79      0xbbc build/debug/Drivers/STM32F4xx_HAL_Driver/Src/stm32f4xx_hal.o
 .debug_str     0x00004d79      0x954 build/debug/Drivers/STM32F4xx_HAL_Driver/Src/stm32f4xx_hal_adc.o
 .debug_str     0x00004d79      0xca8 build/debug/Drivers/STM32F4xx_HAL_Driver/Src/stm32f4xx_hal_cortex.o
 .debug_str     0x00004d79      0x768 build/debug/Drivers/STM32F4xx_HAL_Driver/Src/stm32f4xx_hal_dma.o
 .debug_str     0x00004d79      0x4f7 build/debug/Drivers/STM32F4xx_HAL_Driver/Src/stm32f4xx_hal_gpio.o
 .debug_str     0x00004d79      0x722 build/debug/Drivers/STM32F4xx_HAL_Driver/Src/stm32f4xx_hal_rcc.o
 .debug_str     0x00004d79      0x809 build/debug/Drivers/STM32F4xx_HAL_Driver/Src/stm32f4xx_hal_rcc_ex.o
 .debug_str     0x00004d79     0x16f1 build/debug/Drivers/STM32F4xx_HAL_Driver/Src/stm32f4xx_hal_tim.o
 .debug_str     0x00004d79      0xefd build/debug/Drivers/STM32F4xx_HAL_Driver/Src/stm32f4xx_hal_tim_ex.o
 .debug_str     0x00004d79      0xd8d build/debug/Drivers/STM32F4xx_HAL_Driver/Src/stm32f4xx_hal_uart.o
 .debug_str     0x00004d79       0x70 build/debug/startup_stm32f446xx.o
 .debug_str     0x00004d79      0x13a C:/Users/valer/AppData/Roaming/Code/User/globalStorage/bmd.stm32-for-vscode/@xpack-dev-tools/arm-none-eabi-gcc/13.3.1-1.1.1/.content/bin/../lib/gcc/arm-none-eabi/13.3.1/thumb/v7e-m+fp/hard\libgcc.a(_aeabi_uldivmod.o)
 .debug_str     0x00004d79      0x753 C:/Users/valer/AppData/Roaming/Code/User/globalStorage/bmd.stm32-for-vscode/@xpack-dev-tools/arm-none-eabi-gcc/13.3.1-1.1.1/.content/bin/../lib/gcc/arm-none-eabi/13.3.1/thumb/v7e-m+fp/hard\libgcc.a(_udivmoddi4.o)
 .debug_str     0x00004d79      0x15a C:/Users/valer/AppData/Roaming/Code/User/globalStorage/bmd.stm32-for-vscode/@xpack-dev-tools/arm-none-eabi-gcc/13.3.1-1.1.1/.content/bin/../lib/gcc/arm-none-eabi/13.3.1/thumb/v7e-m+fp/hard\libgcc.a(_dvmd_tls.o)

.debug_frame    0x00000000     0x2518
 .debug_frame   0x00000000       0x40 build/debug/Core/Src/analog_filter.o
 .debug_frame   0x00000040       0x70 build/debug/Core/Src/fsm_controller.o
 .debug_frame   0x000000b0      0x130 build/debug/Core/Src/main.o
 .debug_frame   0x000001e0       0xd8 build/debug/Core/Src/stm32f4xx_hal_msp.o
 .debug_frame   0x000002b8      0x124 build/debug/Core/Src/stm32f4xx_it.o
 .debug_frame   0x000003dc       0x28 build/debug/Core/Src/sysmem.o
 .debug_frame   0x00000404       0x30 build/debug/Core/Src/system_stm32f4xx.o
 .debug_frame   0x00000434      0x1ec build/debug/Drivers/STM32F4xx_HAL_Driver/Src/stm32f4xx_hal.o
 .debug_frame   0x00000620      0x268 build/debug/Drivers/STM32F4xx_HAL_Driver/Src/stm32f4xx_hal_adc.o
 .debug_frame   0x00000888      0x214 build/debug/Drivers/STM32F4xx_HAL_Driver/Src/stm32f4xx_hal_cortex.o
 .debug_frame   0x00000a9c      0x188 build/debug/Drivers/STM32F4xx_HAL_Driver/Src/stm32f4xx_hal_dma.o
 .debug_frame   0x00000c24       0xd8 build/debug/Drivers/STM32F4xx_HAL_Driver/Src/stm32f4xx_hal_gpio.o
 .debug_frame   0x00000cfc      0x16c build/debug/Drivers/STM32F4xx_HAL_Driver/Src/stm32f4xx_hal_rcc.o
 .debug_frame   0x00000e68      0x14c build/debug/Drivers/STM32F4xx_HAL_Driver/Src/stm32f4xx_hal_rcc_ex.o
 .debug_frame   0x00000fb4      0xb10 build/debug/Drivers/STM32F4xx_HAL_Driver/Src/stm32f4xx_hal_tim.o
 .debug_frame   0x00001ac4      0x418 build/debug/Drivers/STM32F4xx_HAL_Driver/Src/stm32f4xx_hal_tim_ex.o
 .debug_frame   0x00001edc      0x5dc build/debug/Drivers/STM32F4xx_HAL_Driver/Src/stm32f4xx_hal_uart.o
 .debug_frame   0x000024b8       0x2c C:/Users/valer/AppData/Roaming/Code/User/globalStorage/bmd.stm32-for-vscode/@xpack-dev-tools/arm-none-eabi-gcc/13.3.1-1.1.1/.content/bin/../lib/gcc/arm-none-eabi/13.3.1/thumb/v7e-m+fp/hard\libgcc.a(_aeabi_uldivmod.o)
 .debug_frame   0x000024e4       0x34 C:/Users/valer/AppData/Roaming/Code/User/globalStorage/bmd.stm32-for-vscode/@xpack-dev-tools/arm-none-eabi-gcc/13.3.1-1.1.1/.content/bin/../lib/gcc/arm-none-eabi/13.3.1/thumb/v7e-m+fp/hard\libgcc.a(_udivmoddi4.o)

.debug_line_str
                0x00000000      0x18c
 .debug_line_str
                0x00000000      0x18c build/debug/startup_stm32f446xx.o
                                 0x54 (size before relaxing)
 .debug_line_str
                0x0000018c      0x12c C:/Users/valer/AppData/Roaming/Code/User/globalStorage/bmd.stm32-for-vscode/@xpack-dev-tools/arm-none-eabi-gcc/13.3.1-1.1.1/.content/bin/../lib/gcc/arm-none-eabi/13.3.1/thumb/v7e-m+fp/hard\libgcc.a(_aeabi_uldivmod.o)
 .debug_line_str
                0x0000018c      0x130 C:/Users/valer/AppData/Roaming/Code/User/globalStorage/bmd.stm32-for-vscode/@xpack-dev-tools/arm-none-eabi-gcc/13.3.1-1.1.1/.content/bin/../lib/gcc/arm-none-eabi/13.3.1/thumb/v7e-m+fp/hard\libgcc.a(_dvmd_tls.o)

Cross Reference Table

Symbol                                            File
ADC_IRQHandler                                    build/debug/startup_stm32f446xx.o
AHBPrescTable                                     build/debug/Core/Src/system_stm32f4xx.o
                                                  build/debug/Drivers/STM32F4xx_HAL_Driver/Src/stm32f4xx_hal_rcc.o
APBPrescTable                                     build/debug/Core/Src/system_stm32f4xx.o
                                                  build/debug/Drivers/STM32F4xx_HAL_Driver/Src/stm32f4xx_hal_rcc.o
BusFault_Handler                                  build/debug/Core/Src/stm32f4xx_it.o
CAN1_RX0_IRQHandler                               build/debug/startup_stm32f446xx.o
CAN1_RX1_IRQHandler                               build/debug/startup_stm32f446xx.o
CAN1_SCE_IRQHandler                               build/debug/startup_stm32f446xx.o
CAN1_TX_IRQHandler                                build/debug/startup_stm32f446xx.o
CAN2_RX0_IRQHandler                               build/debug/startup_stm32f446xx.o
CAN2_RX1_IRQHandler                               build/debug/startup_stm32f446xx.o
CAN2_SCE_IRQHandler                               build/debug/startup_stm32f446xx.o
CAN2_TX_IRQHandler                                build/debug/startup_stm32f446xx.o
CEC_IRQHandler                                    build/debug/startup_stm32f446xx.o
DCMI_IRQHandler                                   build/debug/startup_stm32f446xx.o
DMA1_Stream0_IRQHandler                           build/debug/startup_stm32f446xx.o
DMA1_Stream1_IRQHandler                           build/debug/startup_stm32f446xx.o
DMA1_Stream2_IRQHandler                           build/debug/startup_stm32f446xx.o
DMA1_Stream3_IRQHandler                           build/debug/startup_stm32f446xx.o
DMA1_Stream4_IRQHandler                           build/debug/startup_stm32f446xx.o
DMA1_Stream5_IRQHandler                           build/debug/startup_stm32f446xx.o
DMA1_Stream6_IRQHandler                           build/debug/startup_stm32f446xx.o
DMA1_Stream7_IRQHandler                           build/debug/startup_stm32f446xx.o
DMA2_Stream0_IRQHandler                           build/debug/Core/Src/stm32f4xx_it.o
DMA2_Stream1_IRQHandler                           build/debug/startup_stm32f446xx.o
DMA2_Stream2_IRQHandler                           build/debug/startup_stm32f446xx.o
DMA2_Stream3_IRQHandler                           build/debug/startup_stm32f446xx.o
DMA2_Stream4_IRQHandler                           build/debug/startup_stm32f446xx.o
DMA2_Stream5_IRQHandler                           build/debug/startup_stm32f446xx.o
DMA2_Stream6_IRQHandler                           build/debug/startup_stm32f446xx.o
DMA2_Stream7_IRQHandler                           build/debug/startup_stm32f446xx.o
DebugMon_Handler                                  build/debug/Core/Src/stm32f4xx_it.o
Default_Handler                                   build/debug/startup_stm32f446xx.o
EXTI0_IRQHandler                                  build/debug/Core/Src/stm32f4xx_it.o
EXTI15_10_IRQHandler                              build/debug/Core/Src/stm32f4xx_it.o
EXTI1_IRQHandler                                  build/debug/startup_stm32f446xx.o
EXTI2_IRQHandler                                  build/debug/startup_stm32f446xx.o
EXTI3_IRQHandler                                  build/debug/startup_stm32f446xx.o
EXTI4_IRQHandler                                  build/debug/startup_stm32f446xx.o
EXTI9_5_IRQHandler                                build/debug/startup_stm32f446xx.o
Error_Handler                                     build/debug/Core/Src/main.o
                                                  build/debug/Core/Src/stm32f4xx_hal_msp.o
FLASH_Erase_Sector                                build/debug/Drivers/STM32F4xx_HAL_Driver/Src/stm32f4xx_hal_flash_ex.o
                                                  build/debug/Drivers/STM32F4xx_HAL_Driver/Src/stm32f4xx_hal_flash.o
FLASH_FlushCaches                                 build/debug/Drivers/STM32F4xx_HAL_Driver/Src/stm32f4xx_hal_flash_ex.o
                                                  build/debug/Drivers/STM32F4xx_HAL_Driver/Src/stm32f4xx_hal_flash.o
FLASH_IRQHandler                                  build/debug/startup_stm32f446xx.o
FLASH_WaitForLastOperation                        build/debug/Drivers/STM32F4xx_HAL_Driver/Src/stm32f4xx_hal_flash.o
                                                  build/debug/Drivers/STM32F4xx_HAL_Driver/Src/stm32f4xx_hal_flash_ex.o
FMC_IRQHandler                                    build/debug/startup_stm32f446xx.o
FMPI2C1_ER_IRQHandler                             build/debug/startup_stm32f446xx.o
FMPI2C1_EV_IRQHandler                             build/debug/startup_stm32f446xx.o
FPU_IRQHandler                                    build/debug/startup_stm32f446xx.o
HAL_ADCEx_InjectedConfigChannel                   build/debug/Drivers/STM32F4xx_HAL_Driver/Src/stm32f4xx_hal_adc_ex.o
HAL_ADCEx_InjectedConvCpltCallback                build/debug/Drivers/STM32F4xx_HAL_Driver/Src/stm32f4xx_hal_adc_ex.o
                                                  build/debug/Drivers/STM32F4xx_HAL_Driver/Src/stm32f4xx_hal_adc.o
HAL_ADCEx_InjectedGetValue                        build/debug/Drivers/STM32F4xx_HAL_Driver/Src/stm32f4xx_hal_adc_ex.o
HAL_ADCEx_InjectedPollForConversion               build/debug/Drivers/STM32F4xx_HAL_Driver/Src/stm32f4xx_hal_adc_ex.o
HAL_ADCEx_InjectedStart                           build/debug/Drivers/STM32F4xx_HAL_Driver/Src/stm32f4xx_hal_adc_ex.o
HAL_ADCEx_InjectedStart_IT                        build/debug/Drivers/STM32F4xx_HAL_Driver/Src/stm32f4xx_hal_adc_ex.o
HAL_ADCEx_InjectedStop                            build/debug/Drivers/STM32F4xx_HAL_Driver/Src/stm32f4xx_hal_adc_ex.o
HAL_ADCEx_InjectedStop_IT                         build/debug/Drivers/STM32F4xx_HAL_Driver/Src/stm32f4xx_hal_adc_ex.o
HAL_ADCEx_MultiModeConfigChannel                  build/debug/Drivers/STM32F4xx_HAL_Driver/Src/stm32f4xx_hal_adc_ex.o
HAL_ADCEx_MultiModeGetValue                       build/debug/Drivers/STM32F4xx_HAL_Driver/Src/stm32f4xx_hal_adc_ex.o
HAL_ADCEx_MultiModeStart_DMA                      build/debug/Drivers/STM32F4xx_HAL_Driver/Src/stm32f4xx_hal_adc_ex.o
HAL_ADCEx_MultiModeStop_DMA                       build/debug/Drivers/STM32F4xx_HAL_Driver/Src/stm32f4xx_hal_adc_ex.o
HAL_ADC_AnalogWDGConfig                           build/debug/Drivers/STM32F4xx_HAL_Driver/Src/stm32f4xx_hal_adc.o
HAL_ADC_ConfigChannel                             build/debug/Drivers/STM32F4xx_HAL_Driver/Src/stm32f4xx_hal_adc.o
                                                  build/debug/Core/Src/main.o
HAL_ADC_ConvCpltCallback                          build/debug/Drivers/STM32F4xx_HAL_Driver/Src/stm32f4xx_hal_adc.o
                                                  build/debug/Drivers/STM32F4xx_HAL_Driver/Src/stm32f4xx_hal_adc_ex.o
HAL_ADC_ConvHalfCpltCallback                      build/debug/Drivers/STM32F4xx_HAL_Driver/Src/stm32f4xx_hal_adc.o
                                                  build/debug/Drivers/STM32F4xx_HAL_Driver/Src/stm32f4xx_hal_adc_ex.o
HAL_ADC_DeInit                                    build/debug/Drivers/STM32F4xx_HAL_Driver/Src/stm32f4xx_hal_adc.o
HAL_ADC_ErrorCallback                             build/debug/Drivers/STM32F4xx_HAL_Driver/Src/stm32f4xx_hal_adc.o
                                                  build/debug/Drivers/STM32F4xx_HAL_Driver/Src/stm32f4xx_hal_adc_ex.o
HAL_ADC_GetError                                  build/debug/Drivers/STM32F4xx_HAL_Driver/Src/stm32f4xx_hal_adc.o
HAL_ADC_GetState                                  build/debug/Drivers/STM32F4xx_HAL_Driver/Src/stm32f4xx_hal_adc.o
HAL_ADC_GetValue                                  build/debug/Drivers/STM32F4xx_HAL_Driver/Src/stm32f4xx_hal_adc.o
                                                  build/debug/Core/Src/fsm_controller.o
HAL_ADC_IRQHandler                                build/debug/Drivers/STM32F4xx_HAL_Driver/Src/stm32f4xx_hal_adc.o
HAL_ADC_Init                                      build/debug/Drivers/STM32F4xx_HAL_Driver/Src/stm32f4xx_hal_adc.o
                                                  build/debug/Core/Src/main.o
HAL_ADC_LevelOutOfWindowCallback                  build/debug/Drivers/STM32F4xx_HAL_Driver/Src/stm32f4xx_hal_adc.o